
> frontend@0.0.0 test:run
> vitest --run

[sentry-vite-plugin] Info: Sending telemetry data on issues and performance to Sentry. To disable telemetry, set `options.telemetry` to `false`.

[1m[46m RUN [49m[22m [36mv4.1.1 [39m[90mC:/Users/HP/Desktop/YieldVault-RWA/frontend[39m

 [32mΓ£ô[39m src/forms/components/FormField.test.tsx [2m([22m[2m3 tests[22m[2m)[22m[33m 836[2mms[22m[39m
     [33m[2mΓ£ô[22m[39m renders label and input [33m 779[2mms[22m[39m
 [32mΓ£ô[39m src/forms/components/SubmitButton.test.tsx [2m([22m[2m3 tests[22m[2m)[22m[33m 851[2mms[22m[39m
     [33m[2mΓ£ô[22m[39m shows loading label when loading [33m 735[2mms[22m[39m
 [32mΓ£ô[39m src/context/ToastContext.test.tsx [2m([22m[2m2 tests[22m[2m)[22m[33m 898[2mms[22m[39m
     [33m[2mΓ£ô[22m[39m shows and auto-dismisses toasts [33m 748[2mms[22m[39m
 [32mΓ£ô[39m src/components/ThemeToggle.test.tsx [2m([22m[2m2 tests[22m[2m)[22m[33m 773[2mms[22m[39m
     [33m[2mΓ£ô[22m[39m renders the theme toggle button [33m 647[2mms[22m[39m
node.exe : [90mstderr[2m | 
src/components/VaultDashboard
.test.tsx[2m > 
[22m[2mVaultDashboard[2m 
> [22m[2mrenders the 
connect overlay when wallet 
is not connected
At C:\Program 
Files\nodejs\npm.ps1:29 
char:3
+   & $NODE_EXE $NPM_CLI_JS 
$args
+   
~~~~~~~~~~~~~~~~~~~~~~~~~~~~~
    + CategoryInfo           
   : NotSpecified: ([90mst  
  derr[2m...s not connect   
 ed:String) [], RemoteExc    
eption
    + FullyQualifiedErrorId  
   : NativeCommandError
 
[22m[39mThe width(-1) and 
height(-1) of chart should 
be greater than 0,
       please check the 
style of container, or the 
props width(100%) and 
height(100%),
       or add a minWidth(0) 
or minHeight(undefined) or 
use aspect(undefined) to 
control the
       height and width.

[90mstderr[2m | src/compone
nts/VaultDashboard.test.tsx[
2m > 
[22m[2mVaultDashboard[2m 
> [22m[2mrenders the 
connect overlay when wallet 
is not connected
[22m[39mThe width(-1) and 
height(-1) of chart should 
be greater than 0,
       please check the 
style of container, or the 
props width(100%) and 
height(100%),
       or add a minWidth(0) 
or minHeight(undefined) or 
use aspect(undefined) to 
control the
       height and width.

[90mstderr[2m | src/compone
nts/VaultDashboard.test.tsx[
2m > 
[22m[2mVaultDashboard[2m 
> [22m[2mrenders the 
dashboard when wallet is 
connected
[22m[39mThe width(-1) and 
height(-1) of chart should 
be greater than 0,
       please check the 
style of container, or the 
props width(100%) and 
height(100%),
       or add a minWidth(0) 
or minHeight(undefined) or 
use aspect(undefined) to 
control the
       height and width.

[90mstderr[2m | src/compone
nts/VaultDashboard.test.tsx[
2m > 
[22m[2mVaultDashboard[2m 
> [22m[2mrenders the 
dashboard when wallet is 
connected
[22m[39mThe width(-1) and 
height(-1) of chart should 
be greater than 0,
       please check the 
style of container, or the 
props width(100%) and 
height(100%),
       or add a minWidth(0) 
or minHeight(undefined) or 
use aspect(undefined) to 
control the
       height and width.

[90mstderr[2m | src/compone
nts/VaultDashboard.test.tsx[
2m > 
[22m[2mVaultDashboard[2m 
> [22m[2mallows switching 
between deposit and withdraw 
tabs
[22m[39mThe width(-1) and 
height(-1) of chart should 
be greater than 0,
       please check the 
style of container, or the 
props width(100%) and 
height(100%),
       or add a minWidth(0) 
or minHeight(undefined) or 
use aspect(undefined) to 
control the
       height and width.

[90mstderr[2m | src/compone
nts/VaultDashboard.test.tsx[
2m > 
[22m[2mVaultDashboard[2m 
> [22m[2mallows switching 
between deposit and withdraw 
tabs
[22m[39mThe width(-1) and 
height(-1) of chart should 
be greater than 0,
       please check the 
style of container, or the 
props width(100%) and 
height(100%),
       or add a minWidth(0) 
or minHeight(undefined) or 
use aspect(undefined) to 
control the
       height and width.

[90mstderr[2m | src/compone
nts/VaultDashboard.test.tsx[
2m > 
[22m[2mVaultDashboard[2m 
> [22m[2mallows switching 
between deposit and withdraw 
tabs
[22m[39mThe width(-1) and 
height(-1) of chart should 
be greater than 0,
       please check the 
style of container, or the 
props width(100%) and 
height(100%),
       or add a minWidth(0) 
or minHeight(undefined) or 
use aspect(undefined) to 
control the
       height and width.
The width(-1) and height(-1) 
of chart should be greater 
than 0,
       please check the 
style of container, or the 
props width(100%) and 
height(100%),
       or add a minWidth(0) 
or minHeight(undefined) or 
use aspect(undefined) to 
control the
       height and width.

 [31mΓ¥»[39m src/pages/Portfolio.test.tsx [2m([22m[2m4 tests[22m[2m | [22m[31m3 failed[39m[2m)[22m[33m 3843[2mms[22m[39m
     [32mΓ£ô[39m shows the wallet prompt when disconnected[32m 277[2mms[22m[39m
[31m     [31m├ù[31m renders holdings in the reusable table[39m[33m 1205[2mms[22m[39m
[31m     [31m├ù[31m persists filter state in the URL[39m[33m 1217[2mms[22m[39m
[31m     [31m├ù[31m supports keyboard sorting and pagination state from the URL[39m[33m 1134[2mms[22m[39m
[90mstderr[2m | src/compone
nts/VaultDashboard.test.tsx[
2m > 
[22m[2mVaultDashboard[2m 
> [22m[2mupdates the 
amount input and processes a 
deposit
[22m[39mThe width(-1) and 
height(-1) of chart should 
be greater than 0,
       please check the 
style of container, or the 
props width(100%) and 
height(100%),
       or add a minWidth(0) 
or minHeight(undefined) or 
use aspect(undefined) to 
control the
       height and width.

[90mstderr[2m | src/compone
nts/VaultDashboard.test.tsx[
2m > 
[22m[2mVaultDashboard[2m 
> [22m[2mupdates the 
amount input and processes a 
deposit
[22m[39mThe width(-1) and 
height(-1) of chart should 
be greater than 0,
       please check the 
style of container, or the 
props width(100%) and 
height(100%),
       or add a minWidth(0) 
or minHeight(undefined) or 
use aspect(undefined) to 
control the
       height and width.

[90mstderr[2m | src/compone
nts/VaultDashboard.test.tsx[
2m > 
[22m[2mVaultDashboard[2m 
> [22m[2mupdates the 
amount input and processes a 
deposit
[22m[39mThe width(-1) and 
height(-1) of chart should 
be greater than 0,
       please check the 
style of container, or the 
props width(100%) and 
height(100%),
       or add a minWidth(0) 
or minHeight(undefined) or 
use aspect(undefined) to 
control the
       height and width.
The width(-1) and height(-1) 
of chart should be greater 
than 0,
       please check the 
style of container, or the 
props width(100%) and 
height(100%),
       or add a minWidth(0) 
or minHeight(undefined) or 
use aspect(undefined) to 
control the
       height and width.

[90mstderr[2m | src/compone
nts/VaultDashboard.test.tsx[
2m > 
[22m[2mVaultDashboard[2m 
> [22m[2mshows a 
normalized API error message 
when data loading fails
[22m[39mThe width(-1) and 
height(-1) of chart should 
be greater than 0,
       please check the 
style of container, or the 
props width(100%) and 
height(100%),
       or add a minWidth(0) 
or minHeight(undefined) or 
use aspect(undefined) to 
control the
       height and width.
The width(-1) and height(-1) 
of chart should be greater 
than 0,
       please check the 
style of container, or the 
props width(100%) and 
height(100%),
       or add a minWidth(0) 
or minHeight(undefined) or 
use aspect(undefined) to 
control the
       height and width.

 [31mΓ¥»[39m src/pages/TransactionHistory.test.tsx [2m([22m[2m13 tests[22m[2m | [22m[31m2 failed[39m[2m)[22m[33m 6230[2mms[22m[39m
     [32mΓ£ô[39m renders connect-wallet prompt when walletAddress is null[32m 188[2mms[22m[39m
     [32mΓ£ô[39m shows loading indicator while fetch is pending[32m 113[2mms[22m[39m
[31m     [31m├ù[31m calls getTransactions with the correct wallet address on mount[39m[33m 1224[2mms[22m[39m
     [33m[2mΓ£ô[22m[39m renders the transaction table when wallet is connected and fetch succeeds [33m 977[2mms[22m[39m
     [33m[2mΓ£ô[22m[39m shows ApiStatusBanner on fetch failure [33m 304[2mms[22m[39m
     [33m[2mΓ£ô[22m[39m renders correct column headers: Type, Amount, Asset, Date, Transaction Hash [33m 506[2mms[22m[39m
     [32mΓ£ô[39m has sort buttons for Type, Amount, Date but not for Asset and Transaction Hash[32m 256[2mms[22m[39m
     [32mΓ£ô[39m default page size select shows 10[32m 166[2mms[22m[39m
     [32mΓ£ô[39m renders filter control with All, Deposit, and Withdrawal options[32m 154[2mms[22m[39m
     [33m[2mΓ£ô[22m[39m resets page to 1 when filter is applied [33m 673[2mms[22m[39m
     [32mΓ£ô[39m renders deposit badge with 'cyan' class and withdrawal badge with 'red' class[32m 148[2mms[22m[39m
     [32mΓ£ô[39m shows empty state message when wallet is connected but no transactions exist[32m 120[2mms[22m[39m
[31m     [31m├ù[31m shows filtered empty state message when filter yields no results[39m[33m 1391[2mms[22m[39m
[90mstderr[2m | src/compone
nts/VaultDashboard.test.tsx[
2m > 
[22m[2mVaultDashboard[2m 
> [22m[2mshows a 
normalized API error message 
when data loading fails
[22m[39mThe width(-1) and 
height(-1) of chart should 
be greater than 0,
       please check the 
style of container, or the 
props width(100%) and 
height(100%),
       or add a minWidth(0) 
or minHeight(undefined) or 
use aspect(undefined) to 
control the
       height and width.

[90mstderr[2m | src/compone
nts/VaultDashboard.test.tsx[
2m > 
[22m[2mVaultDashboard[2m 
> [22m[2mshows a 
normalized API error message 
when data loading fails
[22m[39mThe width(-1) and 
height(-1) of chart should 
be greater than 0,
       please check the 
style of container, or the 
props width(100%) and 
height(100%),
       or add a minWidth(0) 
or minHeight(undefined) or 
use aspect(undefined) to 
control the
       height and width.

 [31mΓ¥»[39m src/components/VaultDashboard.test.tsx [2m([22m[2m5 tests[22m[2m | [22m[31m1 failed[39m[2m)[22m[33m 3052[2mms[22m[39m
     [33m[2mΓ£ô[22m[39m renders the connect overlay when wallet is not connected [33m 652[2mms[22m[39m
     [32mΓ£ô[39m renders the dashboard when wallet is connected[32m 269[2mms[22m[39m
     [33m[2mΓ£ô[22m[39m allows switching between deposit and withdraw tabs [33m 367[2mms[22m[39m
[31m     [31m├ù[31m updates the amount input and processes a deposit[39m[33m 308[2mms[22m[39m
     [33m[2mΓ£ô[22m[39m shows a normalized API error message when data loading fails [33m 1447[2mms[22m[39m
 [32mΓ£ô[39m src/lib/api/validation.test.ts [2m([22m[2m47 tests[22m[2m)[22m[32m 113[2mms[22m[39m
 [32mΓ£ô[39m src/forms/useForm.test.tsx [2m([22m[2m6 tests[22m[2m)[22m[32m 136[2mms[22m[39m
[90mstderr[2m | src/compone
nts/WalletConnect.test.tsx[2
m > 
[22m[2mWalletConnect[2m > 
[22m[2mshows the formatted 
address when connected
[22m[39mAn update to 
ToastProvider inside a test 
was not wrapped in act(...).

When testing, code that 
causes React state updates 
should be wrapped into 
act(...):

act(() => {
  /* fire events that update 
state */
});
/* assert on the output */

This ensures that you're 
testing the behavior the 
user would see in the 
browser. Learn more at https:
//react.dev/link/wrap-tests-w
ith-act

[90mstderr[2m | src/compone
nts/WalletConnect.test.tsx[2
m > 
[22m[2mWalletConnect[2m > 
[22m[2mcalls onDisconnect 
when the disconnect button 
is clicked
[22m[39mAn update to 
ToastProvider inside a test 
was not wrapped in act(...).

When testing, code that 
causes React state updates 
should be wrapped into 
act(...):

act(() => {
  /* fire events that update 
state */
});
/* assert on the output */

This ensures that you're 
testing the behavior the 
user would see in the 
browser. Learn more at https:
//react.dev/link/wrap-tests-w
ith-act

[90mstderr[2m | src/compone
nts/WalletConnect.test.tsx[2
m > 
[22m[2mWalletConnect[2m > 
[22m[2mhandles wallet 
disconnects gracefully 
during polling
[22m[39mAn update to 
ToastProvider inside a test 
was not wrapped in act(...).

When testing, code that 
causes React state updates 
should be wrapped into 
act(...):

act(() => {
  /* fire events that update 
state */
});
/* assert on the output */

This ensures that you're 
testing the behavior the 
user would see in the 
browser. Learn more at https:
//react.dev/link/wrap-tests-w
ith-act

 [32mΓ£ô[39m src/components/WalletConnect.test.tsx [2m([22m[2m5 tests[22m[2m)[22m[33m 378[2mms[22m[39m
 [32mΓ£ô[39m src/components/Navbar.test.tsx [2m([22m[2m3 tests[22m[2m)[22m[33m 465[2mms[22m[39m
     [33m[2mΓ£ô[22m[39m renders the navbar with navigation links [33m 320[2mms[22m[39m
 [32mΓ£ô[39m src/lib/stellarAccount.test.ts [2m([22m[2m3 tests[22m[2m)[22m[32m 18[2mms[22m[39m
 [32mΓ£ô[39m src/lib/api/client.test.ts [2m([22m[2m5 tests[22m[2m)[22m[32m 54[2mms[22m[39m
 [32mΓ£ô[39m src/forms/validate.test.ts [2m([22m[2m5 tests[22m[2m)[22m[32m 17[2mms[22m[39m

[31mΓÄ»ΓÄ»ΓÄ»ΓÄ»ΓÄ»ΓÄ»ΓÄ»[3
9m[1m[41m Failed Tests 6 [
49m[22m[31mΓÄ»ΓÄ»ΓÄ»ΓÄ»ΓÄ»Γ
Ä»ΓÄ»[39m

[41m[1m FAIL [22m[49m src
/components/VaultDashboard.te
st.tsx[2m > 
[22mVaultDashboard[2m > 
[22mupdates the amount 
input and processes a deposit
[31m[1mError[22m: [2mexpe
ct([22m[31melement[31m[2m
).not.toBeInTheDocument()[22
m

[31mexpected document not 
to contain element, found 
<button
  class="btn btn-primary"
  disabled=""
  type="submit"
>
  Processing Transaction...
</button> instead[31m[39m
[36m [2mΓ¥»[22m src/compon
ents/VaultDashboard.test.tsx:
[2m120:11[22m[39m
    [90m118|[39m     
[34mexpect[39m(
    [90m119|[39m       scre
en[33m.[39m[34mqueryByText
[39m([36m/Processing Transa
ction.../i[39m)[33m,[39m
    [90m120|[39m     )[33m
.[39mnot[33m.[39m[34mtoBe
InTheDocument[39m()[33m;[3
9m
    [90m   |[39m           
[31m^[39m
    [90m121|[39m     [34me
xpect[39m(screen[33m.[39m
[34mgetByText[39m([32m"1350
.50"[39m))[33m.[39m[34mto
BeInTheDocument[39m()[33m;
[39m
    [90m122|[39m   
})[33m;[39m

[31m[2mΓÄ»ΓÄ»ΓÄ»ΓÄ»ΓÄ»ΓÄ»ΓÄ
»ΓÄ»ΓÄ»ΓÄ»ΓÄ»ΓÄ»ΓÄ»ΓÄ»ΓÄ»ΓÄ»Γ
Ä»ΓÄ»ΓÄ»ΓÄ»ΓÄ»ΓÄ»ΓÄ»ΓÄ»[1/6]Γ
Ä»[22m[39m

[41m[1m FAIL [22m[49m src
/pages/Portfolio.test.tsx[2m
 > [22mPortfolio[2m > 
[22mrenders holdings in the 
reusable table
[31m[1mTestingLibraryElemen
tError[22m[39m: Unable to 
find an element with the 
text: /Tokenized T-Bills/i. 
This could be because the 
text is broken up by 
multiple elements. In this 
case, you can provide a 
function for your text 
matcher to make your matcher 
more flexible.

Ignored nodes: comments, 
script, style
[36m<body>[39m
  [36m<div>[39m
    [36m<div[39m
      [33mclass[39m=[32m"g
lass-panel"[39m
      [33mstyle[39m=[32m"p
adding: 32px;"[39m
    [36m>[39m
      [36m<header[39m
        [33mstyle[39m=[32m
"text-align: center; 
margin-bottom: 48px;"[39m
      [36m>[39m
        [36m<h1[39m
          [33mstyle[39m=[3
2m"font-size: 2.5rem; 
margin-bottom: 16px;"[39m
        [36m>[39m
          [0mYour [0m
          [36m<span[39m
            [33mclass[39m=
[32m"text-gradient"[39m
          [36m>[39m
            [0mPortfolio[0m
          [36m</span>[39m
        [36m</h1>[39m
        [36m<p[39m
          
[33mstyle[39m=[32m"color: 
var(--text-secondary); 
font-size: 1.1rem;"[39m
        [36m>[39m
          [0mOverview of 
your deposited real-world 
assets.[0m
        [36m</p>[39m
      [36m</header>[39m
      [36m<div[39m
        
[33mclass[39m=[32m"flex 
flex-col gap-lg"[39m
      [36m>[39m
        [36m<div[39m
          [33mclass[39m=[3
2m"glass-panel"[39m
          [33mrole[39m=[32
m"alert"[39m
          [33mstyle[39m=[3
2m"padding: 16px 18px; 
margin-bottom: 20px; 
background: rgba(255, 107, 
107, 0.12); border: 1px 
solid rgba(255, 107, 107, 
0.25);"[39m
        [36m>[39m
          [36m<div[39m
            [33mstyle[39m=
[32m"font-weight: 600; 
margin-bottom: 4px;"[39m
          [36m>[39m
            [0mData 
unavailable[0m
          [36m</div>[39m
          [36m<div[39m
            
[33mstyle[39m=[32m"color: 
var(--text-secondary); 
font-size: 0.9rem;"[39m
          [36m>[39m
            [0mInvalid 
value for "walletAddress": 
Must be a valid Stellar 
public key (starts with G, 
56 chars).[0m
          [36m</div>[39m
        [36m</div>[39m
        [36m<div[39m
          [33mclass[39m=[3
2m"portfolio-summary-grid"[3
9m
          [33mstyle[39m=[3
2m"display: grid; gap: 24px; 
grid-template-columns: 
repeat(auto-fit, 
minmax(240px, 1fr));"[39m
        [36m>[39m
          [36m<div[39m
            [33mclass[39m=
[32m"glass-panel"[39m
            [33mstyle[39m=
[32m"padding: 24px; 
background: 
var(--bg-muted);"[39m
          [36m>[39m
            [36m<div[39m
              [33mstyle[39m
=[32m"font-size: 0.9rem; 
color: 
var(--text-secondary);"[39m
            [36m>[39m
              [0mTotal 
Assets[0m
            [36m</div>[39m
            [36m<div[39m
              [33mstyle[39m
=[32m"font-size: 1.8rem; 
font-weight: 600;"[39m
            [36m>[39m
              [0m$0.00[0m
            [36m</div>[39m
          [36m</div>[39m
          [36m<div[39m
            [33mclass[39m=
[32m"glass-panel"[39m
            [33mstyle[39m=
[32m"padding: 24px; 
background: 
var(--bg-muted);"[39m
          [36m>[39m
            [36m<div[39m
              [33mstyle[39m
=[32m"font-size: 0.9rem; 
color: 
var(--text-secondary);"[39m
            [36m>[39m
              [0mUnrealized 
Gain[0m
            [36m</div>[39m
            [36m<div[39m
              [33mstyle[39m
=[32m"font-size: 1.2rem; 
color: var(--accent-cyan); 
font-weight: 600;"[39m
            [36m>[39m
              [0m+[0m
              [0m$0.00[0m
            [36m</div>[39m
          [36m</div>[39m
        [36m</div>[39m
        [36m<section[39m
          [33maria-label[39
m=[32m"Portfolio 
holdings"[39m
          [33mclass[39m=[3
2m"glass-panel"[39m
          [33mstyle[39m=[3
2m"padding: 24px; 
background: 
var(--bg-muted);"[39m
        [36m>[39m
          [36m<div[39m
            [33mclass[39m=
[32m"portfolio-toolbar"[39m
          [36m>[39m
            [36m<div>[39m
              [36m<h3[39m
                [33mstyle[3
9m=[32m"margin-bottom: 
6px;"[39m
              [36m>[39m
                
[0mHoldings[0m
              [36m</h3>[39m
              [36m<p[39m
                
[33mstyle[39m=[32m"color: 
var(--text-secondary); 
font-size: 0.92rem;"[39m
              [36m>[39m
                [0mSort, 
search, and page through all 
current vault positions.[0m
              [36m</p>[39m
            [36m</div>[39m
            [36m<div[39m
              [33mclass[39m
=[32m"portfolio-toolbar-cont
rols"[39m
            [36m>[39m
              
[36m<label[39m
                [33mclass[3
9m=[32m"input-group"[39m
                [33mstyle[3
9m=[32m"min-width: 
180px;"[39m
              [36m>[39m
                
[36m<span>[39m
                  [0mStatus 
Filter[0m
                
[36m</span>[39m
                
[36m<div[39m
                  [33mclass
[39m=[32m"input-wrapper"[39
m
                [36m>[39m
                  
[36m<select[39m
                    [33maria
-label[39m=[32m"Filter by 
status"[39m
                    [33mclas
s[39m=[32m"portfolio-select
"[39m
                  [36m>[39m
                    
[36m<option[39m
                      [33mva
lue[39m=[32m"all"[39m
                    
[36m>[39m
                      
[0mAll Statuses[0m
                    
[36m</option>[39m
                    
[36m<option[39m
                      [33mva
lue[39m=[32m"active"[39m
                    
[36m>[39m
                      
[0mActive[0m
                    
[36m</option>[39m
                    
[36m<option[39m
                      [33mva
lue[39m=[32m"inactive"[39m
                    
[36m>[39m
                      
[0mInactive[0m
                    
[36m</option>[39m
                  
[36m</select>[39m
                
[36m</div>[39m
              
[36m</label>[39m
              
[36m<label[39m
                [33mclass[3
9m=[32m"input-group"[39m
                [33mstyle[3
9m=[32m"min-width: 
220px;"[39m
              [36m>[39m
                
[36m<span>[39m
                  [0mSearch 
holdings[0m
                
[36m</span>[39m
                
[36m<div[39m
                  [33mclass
[39m=[32m"input-wrapper"[39
m
                [36m>[39m
                  
[36m<input[39m
                    [33mclas
s[39m=[32m"input-field"[39
m
                    [33mplac
eholder[39m=[32m"Search 
asset, vault, issuer..."[39m
                    [33mstyl
e[39m=[32m"font-size: 
1rem; font-family: 
var(--font-sans);"[39m
                    [33mtype
[39m=[32m"search"[39m
                    
[33mvalue[39m=[32m""[39m
                  
[36m/>[39m
                
[36m</div>[39m
              
[36m</label>[39m
            [36m</div>[39m
          [36m</div>[39m
          [36m<div[39m
            
[33mstyle[39m=[32m"color: 
var(--text-secondary); 
font-size: 0.86rem; 
margin-bottom: 16px;"[39m
          [36m>[39m
            [0m0 holdings 
found[0m
          [36m</div>[39m
          [36m<div[39m
            [33mclass[39m=
[32m"data-table-shell 
glass-panel"[39m
          [36m>[39m
            [36m<div[39m
              [33mclass[39m
=[32m"data-table-scroll"[39
m
            [36m>[39m
              
[36m<table[39m
                
[33mclass[39m=[32m"da...

Ignored nodes: comments, 
script, style
[36m<body>[39m
  [36m<div>[39m
    [36m<div[39m
      [33mclass[39m=[32m"g
lass-panel"[39m
      [33mstyle[39m=[32m"p
adding: 32px;"[39m
    [36m>[39m
      [36m<header[39m
        [33mstyle[39m=[32m
"text-align: center; 
margin-bottom: 48px;"[39m
      [36m>[39m
        [36m<h1[39m
          [33mstyle[39m=[3
2m"font-size: 2.5rem; 
margin-bottom: 16px;"[39m
        [36m>[39m
          [0mYour [0m
          [36m<span[39m
            [33mclass[39m=
[32m"text-gradient"[39m
          [36m>[39m
            [0mPortfolio[0m
          [36m</span>[39m
        [36m</h1>[39m
        [36m<p[39m
          
[33mstyle[39m=[32m"color: 
var(--text-secondary); 
font-size: 1.1rem;"[39m
        [36m>[39m
          [0mOverview of 
your deposited real-world 
assets.[0m
        [36m</p>[39m
      [36m</header>[39m
      [36m<div[39m
        
[33mclass[39m=[32m"flex 
flex-col gap-lg"[39m
      [36m>[39m
        [36m<div[39m
          [33mclass[39m=[3
2m"glass-panel"[39m
          [33mrole[39m=[32
m"alert"[39m
          [33mstyle[39m=[3
2m"padding: 16px 18px; 
margin-bottom: 20px; 
background: rgba(255, 107, 
107, 0.12); border: 1px 
solid rgba(255, 107, 107, 
0.25);"[39m
        [36m>[39m
          [36m<div[39m
            [33mstyle[39m=
[32m"font-weight: 600; 
margin-bottom: 4px;"[39m
          [36m>[39m
            [0mData 
unavailable[0m
          [36m</div>[39m
          [36m<div[39m
            
[33mstyle[39m=[32m"color: 
var(--text-secondary); 
font-size: 0.9rem;"[39m
          [36m>[39m
            [0mInvalid 
value for "walletAddress": 
Must be a valid Stellar 
public key (starts with G, 
56 chars).[0m
          [36m</div>[39m
        [36m</div>[39m
        [36m<div[39m
          [33mclass[39m=[3
2m"portfolio-summary-grid"[3
9m
          [33mstyle[39m=[3
2m"display: grid; gap: 24px; 
grid-template-columns: 
repeat(auto-fit, 
minmax(240px, 1fr));"[39m
        [36m>[39m
          [36m<div[39m
            [33mclass[39m=
[32m"glass-panel"[39m
            [33mstyle[39m=
[32m"padding: 24px; 
background: 
var(--bg-muted);"[39m
          [36m>[39m
            [36m<div[39m
              [33mstyle[39m
=[32m"font-size: 0.9rem; 
color: 
var(--text-secondary);"[39m
            [36m>[39m
              [0mTotal 
Assets[0m
            [36m</div>[39m
            [36m<div[39m
              [33mstyle[39m
=[32m"font-size: 1.8rem; 
font-weight: 600;"[39m
            [36m>[39m
              [0m$0.00[0m
            [36m</div>[39m
          [36m</div>[39m
          [36m<div[39m
            [33mclass[39m=
[32m"glass-panel"[39m
            [33mstyle[39m=
[32m"padding: 24px; 
background: 
var(--bg-muted);"[39m
          [36m>[39m
            [36m<div[39m
              [33mstyle[39m
=[32m"font-size: 0.9rem; 
color: 
var(--text-secondary);"[39m
            [36m>[39m
              [0mUnrealized 
Gain[0m
            [36m</div>[39m
            [36m<div[39m
              [33mstyle[39m
=[32m"font-size: 1.2rem; 
color: var(--accent-cyan); 
font-weight: 600;"[39m
            [36m>[39m
              [0m+[0m
              [0m$0.00[0m
            [36m</div>[39m
          [36m</div>[39m
        [36m</div>[39m
        [36m<section[39m
          [33maria-label[39
m=[32m"Portfolio 
holdings"[39m
          [33mclass[39m=[3
2m"glass-panel"[39m
          [33mstyle[39m=[3
2m"padding: 24px; 
background: 
var(--bg-muted);"[39m
        [36m>[39m
          [36m<div[39m
            [33mclass[39m=
[32m"portfolio-toolbar"[39m
          [36m>[39m
            [36m<div>[39m
              [36m<h3[39m
                [33mstyle[3
9m=[32m"margin-bottom: 
6px;"[39m
              [36m>[39m
                
[0mHoldings[0m
              [36m</h3>[39m
              [36m<p[39m
                
[33mstyle[39m=[32m"color: 
var(--text-secondary); 
font-size: 0.92rem;"[39m
              [36m>[39m
                [0mSort, 
search, and page through all 
current vault positions.[0m
              [36m</p>[39m
            [36m</div>[39m
            [36m<div[39m
              [33mclass[39m
=[32m"portfolio-toolbar-cont
rols"[39m
            [36m>[39m
              
[36m<label[39m
                [33mclass[3
9m=[32m"input-group"[39m
                [33mstyle[3
9m=[32m"min-width: 
180px;"[39m
              [36m>[39m
                
[36m<span>[39m
                  [0mStatus 
Filter[0m
                
[36m</span>[39m
                
[36m<div[39m
                  [33mclass
[39m=[32m"input-wrapper"[39
m
                [36m>[39m
                  
[36m<select[39m
                    [33maria
-label[39m=[32m"Filter by 
status"[39m
                    [33mclas
s[39m=[32m"portfolio-select
"[39m
                  [36m>[39m
                    
[36m<option[39m
                      [33mva
lue[39m=[32m"all"[39m
                    
[36m>[39m
                      
[0mAll Statuses[0m
                    
[36m</option>[39m
                    
[36m<option[39m
                      [33mva
lue[39m=[32m"active"[39m
                    
[36m>[39m
                      
[0mActive[0m
                    
[36m</option>[39m
                    
[36m<option[39m
                      [33mva
lue[39m=[32m"inactive"[39m
                    
[36m>[39m
                      
[0mInactive[0m
                    
[36m</option>[39m
                  
[36m</select>[39m
                
[36m</div>[39m
              
[36m</label>[39m
              
[36m<label[39m
                [33mclass[3
9m=[32m"input-group"[39m
                [33mstyle[3
9m=[32m"min-width: 
220px;"[39m
              [36m>[39m
                
[36m<span>[39m
                  [0mSearch 
holdings[0m
                
[36m</span>[39m
                
[36m<div[39m
                  [33mclass
[39m=[32m"input-wrapper"[39
m
                [36m>[39m
                  
[36m<input[39m
                    [33mclas
s[39m=[32m"input-field"[39
m
                    [33mplac
eholder[39m=[32m"Search 
asset, vault, issuer..."[39m
                    [33mstyl
e[39m=[32m"font-size: 
1rem; font-family: 
var(--font-sans);"[39m
                    [33mtype
[39m=[32m"search"[39m
                    
[33mvalue[39m=[32m""[39m
                  
[36m/>[39m
                
[36m</div>[39m
              
[36m</label>[39m
            [36m</div>[39m
          [36m</div>[39m
          [36m<div[39m
            
[33mstyle[39m=[32m"color: 
var(--text-secondary); 
font-size: 0.86rem; 
margin-bottom: 16px;"[39m
          [36m>[39m
            [0m0 holdings 
found[0m
          [36m</div>[39m
          [36m<div[39m
            [33mclass[39m=
[32m"data-table-shell 
glass-panel"[39m
          [36m>[39m
            [36m<div[39m
              [33mclass[39m
=[32m"data-table-scroll"[39
m
            [36m>[39m
              
[36m<table[39m
                
[33mclass[39m=[32m"da...
[90m [2mΓ¥»[22m 
waitForWrapper node_modules/@
testing-library/dom/dist/wait
-for.js:[2m163:27[22m[39m
[90m [2mΓ¥»[22m node_modul
es/@testing-library/dom/dist/
query-helpers.js:[2m86:33[2
2m[39m
[36m [2mΓ¥»[22m src/pages/
Portfolio.test.tsx:[2m138:25
[22m[39m
    [90m136|[39m     [34mr
enderPortfolio[39m()[33m;[
39m
    [90m137|[39m
    [90m138|[39m     
expect(await 
screen.findByText(/Tokenized 
T-Bills/i)).toBeInTheDocΓÇª
    [90m   |[39m           
              [31m^[39m
    [90m139|[39m     [34me
xpect[39m(screen[33m.[39m
[34mgetByRole[39m([32m"tabl
e"[39m))[33m.[39m[34mtoBe
InTheDocument[39m()[33m;[3
9m
    [90m140|[39m     expect
(screen.getByRole("button", 
{ name: /Sort by Asset/i 
})).toBΓÇª

[31m[2mΓÄ»ΓÄ»ΓÄ»ΓÄ»ΓÄ»ΓÄ»ΓÄ
»ΓÄ»ΓÄ»ΓÄ»ΓÄ»ΓÄ»ΓÄ»ΓÄ»ΓÄ»ΓÄ»Γ
Ä»ΓÄ»ΓÄ»ΓÄ»ΓÄ»ΓÄ»ΓÄ»ΓÄ»[2/6]Γ
Ä»[22m[39m

[41m[1m FAIL [22m[49m src
/pages/Portfolio.test.tsx[2m
 > [22mPortfolio[2m > 
[22mpersists filter state 
in the URL
[31m[1mTestingLibraryElemen
tError[22m[39m: Unable to 
find an element with the 
text: /Tokenized T-Bills/i. 
This could be because the 
text is broken up by 
multiple elements. In this 
case, you can provide a 
function for your text 
matcher to make your matcher 
more flexible.

Ignored nodes: comments, 
script, style
[36m<body>[39m
  [36m<div>[39m
    [36m<div[39m
      [33mclass[39m=[32m"g
lass-panel"[39m
      [33mstyle[39m=[32m"p
adding: 32px;"[39m
    [36m>[39m
      [36m<header[39m
        [33mstyle[39m=[32m
"text-align: center; 
margin-bottom: 48px;"[39m
      [36m>[39m
        [36m<h1[39m
          [33mstyle[39m=[3
2m"font-size: 2.5rem; 
margin-bottom: 16px;"[39m
        [36m>[39m
          [0mYour [0m
          [36m<span[39m
            [33mclass[39m=
[32m"text-gradient"[39m
          [36m>[39m
            [0mPortfolio[0m
          [36m</span>[39m
        [36m</h1>[39m
        [36m<p[39m
          
[33mstyle[39m=[32m"color: 
var(--text-secondary); 
font-size: 1.1rem;"[39m
        [36m>[39m
          [0mOverview of 
your deposited real-world 
assets.[0m
        [36m</p>[39m
      [36m</header>[39m
      [36m<div[39m
        
[33mclass[39m=[32m"flex 
flex-col gap-lg"[39m
      [36m>[39m
        [36m<div[39m
          [33mclass[39m=[3
2m"glass-panel"[39m
          [33mrole[39m=[32
m"alert"[39m
          [33mstyle[39m=[3
2m"padding: 16px 18px; 
margin-bottom: 20px; 
background: rgba(255, 107, 
107, 0.12); border: 1px 
solid rgba(255, 107, 107, 
0.25);"[39m
        [36m>[39m
          [36m<div[39m
            [33mstyle[39m=
[32m"font-weight: 600; 
margin-bottom: 4px;"[39m
          [36m>[39m
            [0mData 
unavailable[0m
          [36m</div>[39m
          [36m<div[39m
            
[33mstyle[39m=[32m"color: 
var(--text-secondary); 
font-size: 0.9rem;"[39m
          [36m>[39m
            [0mInvalid 
value for "walletAddress": 
Must be a valid Stellar 
public key (starts with G, 
56 chars).[0m
          [36m</div>[39m
        [36m</div>[39m
        [36m<div[39m
          [33mclass[39m=[3
2m"portfolio-summary-grid"[3
9m
          [33mstyle[39m=[3
2m"display: grid; gap: 24px; 
grid-template-columns: 
repeat(auto-fit, 
minmax(240px, 1fr));"[39m
        [36m>[39m
          [36m<div[39m
            [33mclass[39m=
[32m"glass-panel"[39m
            [33mstyle[39m=
[32m"padding: 24px; 
background: 
var(--bg-muted);"[39m
          [36m>[39m
            [36m<div[39m
              [33mstyle[39m
=[32m"font-size: 0.9rem; 
color: 
var(--text-secondary);"[39m
            [36m>[39m
              [0mTotal 
Assets[0m
            [36m</div>[39m
            [36m<div[39m
              [33mstyle[39m
=[32m"font-size: 1.8rem; 
font-weight: 600;"[39m
            [36m>[39m
              [0m$0.00[0m
            [36m</div>[39m
          [36m</div>[39m
          [36m<div[39m
            [33mclass[39m=
[32m"glass-panel"[39m
            [33mstyle[39m=
[32m"padding: 24px; 
background: 
var(--bg-muted);"[39m
          [36m>[39m
            [36m<div[39m
              [33mstyle[39m
=[32m"font-size: 0.9rem; 
color: 
var(--text-secondary);"[39m
            [36m>[39m
              [0mUnrealized 
Gain[0m
            [36m</div>[39m
            [36m<div[39m
              [33mstyle[39m
=[32m"font-size: 1.2rem; 
color: var(--accent-cyan); 
font-weight: 600;"[39m
            [36m>[39m
              [0m+[0m
              [0m$0.00[0m
            [36m</div>[39m
          [36m</div>[39m
        [36m</div>[39m
        [36m<section[39m
          [33maria-label[39
m=[32m"Portfolio 
holdings"[39m
          [33mclass[39m=[3
2m"glass-panel"[39m
          [33mstyle[39m=[3
2m"padding: 24px; 
background: 
var(--bg-muted);"[39m
        [36m>[39m
          [36m<div[39m
            [33mclass[39m=
[32m"portfolio-toolbar"[39m
          [36m>[39m
            [36m<div>[39m
              [36m<h3[39m
                [33mstyle[3
9m=[32m"margin-bottom: 
6px;"[39m
              [36m>[39m
                
[0mHoldings[0m
              [36m</h3>[39m
              [36m<p[39m
                
[33mstyle[39m=[32m"color: 
var(--text-secondary); 
font-size: 0.92rem;"[39m
              [36m>[39m
                [0mSort, 
search, and page through all 
current vault positions.[0m
              [36m</p>[39m
            [36m</div>[39m
            [36m<div[39m
              [33mclass[39m
=[32m"portfolio-toolbar-cont
rols"[39m
            [36m>[39m
              
[36m<label[39m
                [33mclass[3
9m=[32m"input-group"[39m
                [33mstyle[3
9m=[32m"min-width: 
180px;"[39m
              [36m>[39m
                
[36m<span>[39m
                  [0mStatus 
Filter[0m
                
[36m</span>[39m
                
[36m<div[39m
                  [33mclass
[39m=[32m"input-wrapper"[39
m
                [36m>[39m
                  
[36m<select[39m
                    [33maria
-label[39m=[32m"Filter by 
status"[39m
                    [33mclas
s[39m=[32m"portfolio-select
"[39m
                  [36m>[39m
                    
[36m<option[39m
                      [33mva
lue[39m=[32m"all"[39m
                    
[36m>[39m
                      
[0mAll Statuses[0m
                    
[36m</option>[39m
                    
[36m<option[39m
                      [33mva
lue[39m=[32m"active"[39m
                    
[36m>[39m
                      
[0mActive[0m
                    
[36m</option>[39m
                    
[36m<option[39m
                      [33mva
lue[39m=[32m"inactive"[39m
                    
[36m>[39m
                      
[0mInactive[0m
                    
[36m</option>[39m
                  
[36m</select>[39m
                
[36m</div>[39m
              
[36m</label>[39m
              
[36m<label[39m
                [33mclass[3
9m=[32m"input-group"[39m
                [33mstyle[3
9m=[32m"min-width: 
220px;"[39m
              [36m>[39m
                
[36m<span>[39m
                  [0mSearch 
holdings[0m
                
[36m</span>[39m
                
[36m<div[39m
                  [33mclass
[39m=[32m"input-wrapper"[39
m
                [36m>[39m
                  
[36m<input[39m
                    [33mclas
s[39m=[32m"input-field"[39
m
                    [33mplac
eholder[39m=[32m"Search 
asset, vault, issuer..."[39m
                    [33mstyl
e[39m=[32m"font-size: 
1rem; font-family: 
var(--font-sans);"[39m
                    [33mtype
[39m=[32m"search"[39m
                    [33mvalu
e[39m=[32m"OpenEden"[39m
                  
[36m/>[39m
                
[36m</div>[39m
              
[36m</label>[39m
              
[36m<button[39m
                
[33mclass[39m=[32m"btn 
btn-outline"[39m
                [33mstyle[3
9m=[32m"align-self: 
flex-end; height: 42px;"[39m
                [33mtype[39
m=[32m"button"[39m
              [36m>[39m
                [0mReset 
Filters[0m
              
[36m</button>[39m
            [36m</div>[39m
          [36m</div>[39m
          [36m<div[39m
            
[33mstyle[39m=[32m"color: 
var(--text-secondary); 
font-size: 0.86rem; 
margin-bottom: 16px;"[39m
          [36m>[39m
            [0m0 holdings 
found[...

Ignored nodes: comments, 
script, style
[36m<html>[39m
  [36m<head />[39m
  [36m<body>[39m
    [36m<div>[39m
      [36m<div[39m
        [33mclass[39m=[32m
"glass-panel"[39m
        [33mstyle[39m=[32m
"padding: 32px;"[39m
      [36m>[39m
        [36m<header[39m
          [33mstyle[39m=[3
2m"text-align: center; 
margin-bottom: 48px;"[39m
        [36m>[39m
          [36m<h1[39m
            [33mstyle[39m=
[32m"font-size: 2.5rem; 
margin-bottom: 16px;"[39m
          [36m>[39m
            [0mYour [0m
            [36m<span[39m
              [33mclass[39m
=[32m"text-gradient"[39m
            [36m>[39m
              
[0mPortfolio[0m
            [36m</span>[39m
          [36m</h1>[39m
          [36m<p[39m
            
[33mstyle[39m=[32m"color: 
var(--text-secondary); 
font-size: 1.1rem;"[39m
          [36m>[39m
            [0mOverview of 
your deposited real-world 
assets.[0m
          [36m</p>[39m
        [36m</header>[39m
        [36m<div[39m
          
[33mclass[39m=[32m"flex 
flex-col gap-lg"[39m
        [36m>[39m
          [36m<div[39m
            [33mclass[39m=
[32m"glass-panel"[39m
            [33mrole[39m=[
32m"alert"[39m
            [33mstyle[39m=
[32m"padding: 16px 18px; 
margin-bottom: 20px; 
background: rgba(255, 107, 
107, 0.12); border: 1px 
solid rgba(255, 107, 107, 
0.25);"[39m
          [36m>[39m
            [36m<div[39m
              [33mstyle[39m
=[32m"font-weight: 600; 
margin-bottom: 4px;"[39m
            [36m>[39m
              [0mData 
unavailable[0m
            [36m</div>[39m
            [36m<div[39m
              
[33mstyle[39m=[32m"color: 
var(--text-secondary); 
font-size: 0.9rem;"[39m
            [36m>[39m
              [0mInvalid 
value for "walletAddress": 
Must be a valid Stellar 
public key (starts with G, 
56 chars).[0m
            [36m</div>[39m
          [36m</div>[39m
          [36m<div[39m
            [33mclass[39m=
[32m"portfolio-summary-grid"
[39m
            [33mstyle[39m=
[32m"display: grid; gap: 
24px; grid-template-columns: 
repeat(auto-fit, 
minmax(240px, 1fr));"[39m
          [36m>[39m
            [36m<div[39m
              [33mclass[39m
=[32m"glass-panel"[39m
              [33mstyle[39m
=[32m"padding: 24px; 
background: 
var(--bg-muted);"[39m
            [36m>[39m
              [36m<div[39m
                [33mstyle[3
9m=[32m"font-size: 0.9rem; 
color: 
var(--text-secondary);"[39m
              [36m>[39m
                [0mTotal 
Assets[0m
              
[36m</div>[39m
              [36m<div[39m
                [33mstyle[3
9m=[32m"font-size: 1.8rem; 
font-weight: 600;"[39m
              [36m>[39m
                [0m$0.00[0m
              
[36m</div>[39m
            [36m</div>[39m
            [36m<div[39m
              [33mclass[39m
=[32m"glass-panel"[39m
              [33mstyle[39m
=[32m"padding: 24px; 
background: 
var(--bg-muted);"[39m
            [36m>[39m
              [36m<div[39m
                [33mstyle[3
9m=[32m"font-size: 0.9rem; 
color: 
var(--text-secondary);"[39m
              [36m>[39m
                
[0mUnrealized Gain[0m
              
[36m</div>[39m
              [36m<div[39m
                [33mstyle[3
9m=[32m"font-size: 1.2rem; 
color: var(--accent-cyan); 
font-weight: 600;"[39m
              [36m>[39m
                [0m+[0m
                [0m$0.00[0m
              
[36m</div>[39m
            [36m</div>[39m
          [36m</div>[39m
          [36m<section[39m
            [33maria-label[
39m=[32m"Portfolio 
holdings"[39m
            [33mclass[39m=
[32m"glass-panel"[39m
            [33mstyle[39m=
[32m"padding: 24px; 
background: 
var(--bg-muted);"[39m
          [36m>[39m
            [36m<div[39m
              [33mclass[39m
=[32m"portfolio-toolbar"[39
m
            [36m>[39m
              [36m<div>[39m
                [36m<h3[39m
                  [33mstyle
[39m=[32m"margin-bottom: 
6px;"[39m
                [36m>[39m
                  
[0mHoldings[0m
                
[36m</h3>[39m
                [36m<p[39m
                  
[33mstyle[39m=[32m"color: 
var(--text-secondary); 
font-size: 0.92rem;"[39m
                [36m>[39m
                  [0mSort, 
search, and page through all 
current vault positions.[0m
                
[36m</p>[39m
              
[36m</div>[39m
              [36m<div[39m
                [33mclass[3
9m=[32m"portfolio-toolbar-co
ntrols"[39m
              [36m>[39m
                
[36m<label[39m
                  [33mclass
[39m=[32m"input-group"[39m
                  [33mstyle
[39m=[32m"min-width: 
180px;"[39m
                [36m>[39m
                  
[36m<span>[39m
                    
[0mStatus Filter[0m
                  
[36m</span>[39m
                  
[36m<div[39m
                    [33mclas
s[39m=[32m"input-wrapper"[
39m
                  [36m>[39m
                    
[36m<select[39m
                      [33mar
ia-label[39m=[32m"Filter 
by status"[39m
                      [33mcl
ass[39m=[32m"portfolio-sele
ct"[39m
                    
[36m>[39m
                      
[36m<option[39m
                        [33m
value[39m=[32m"all"[39m
                      
[36m>[39m
                        
[0mAll Statuses[0m
                      
[36m</option>[39m
                      
[36m<option[39m
                        [33m
value[39m=[32m"active"[39m
                      
[36m>[39m
                        
[0mActive[0m
                      
[36m</option>[39m
                      
[36m<option[39m
                        [33m
value[39m=[32m"inactive"[3
9m
                      
[36m>[39m
                        
[0mInactive[0m
                      
[36m</option>[39m
                    
[36m</select>[39m
                  
[36m</div>[39m
                
[36m</label>[39m
                
[36m<label[39m
                  [33mclass
[39m=[32m"input-group"[39m
                  [33mstyle
[39m=[32m"min-width: 
220px;"[39m
                [36m>[39m
                  
[36m<span>[39m
                    
[0mSearch holdings[0m
                  
[36m</span>[39m
                  
[36m<div[39m
                    [33mclas
s[39m=[32m"input-wrapper"[
39m
                  [36m>[39m
                    
[36m<input[39m
                      [33mcl
ass[39m=[32m"input-field"[
39m
                      [33mpl
aceholder[39m=[32m"Search 
asset, vault, issuer..."[39m
                      [33mst
yle[39m=[32m"font-size: 
1rem; font-family: 
var(--font-sans);"[39m
                      [33mty
pe[39m=[32m"search"[39m
                      [33mva
lue[39m=[32m"OpenEden"[39m
                    
[36m/>[39m
                  
[36m</div>[39m
                
[36m</label>[39m
                
[36m<button[39m
                  
[33mclass[39m=[32m"btn 
btn-outline"[39m
                  [33mstyle
[39m=[32m"align-self: 
flex-end; height: 42px;"[39m
                  
[33mtype[39m=[32m"butto...
[90m [2mΓ¥»[22m 
waitForWrapper node_modules/@
testing-library/dom/dist/wait
-for.js:[2m163:27[22m[39m
[36m [2mΓ¥»[22m src/pages/
Portfolio.test.tsx:[2m151:11
[22m[39m
    [90m149|[39m     fireEv
ent[33m.[39m[34mchange[39
m(searchInput[33m,[39m { 
target[33m:[39m { 
value[33m:[39m 
[32m"OpenEden"[39m } 
})[33m;[39m
    [90m150|[39m
    [90m151|[39m     
[35mawait[39m 
[34mwaitFor[39m(() 
[33m=>[39m {
    [90m   |[39m           
[31m^[39m
    [90m152|[39m       expe
ct(screen.getByText(/Tokenize
d T-Bills/i)).toBeInTheDocume
ntΓÇª
    [90m153|[39m       expe
ct(screen.queryByText(/USDC 
Treasury 
Pool/i)).not.toBeInTheDΓÇª

[31m[2mΓÄ»ΓÄ»ΓÄ»ΓÄ»ΓÄ»ΓÄ»ΓÄ
»ΓÄ»ΓÄ»ΓÄ»ΓÄ»ΓÄ»ΓÄ»ΓÄ»ΓÄ»ΓÄ»Γ
Ä»ΓÄ»ΓÄ»ΓÄ»ΓÄ»ΓÄ»ΓÄ»ΓÄ»[3/6]Γ
Ä»[22m[39m

[41m[1m FAIL [22m[49m src
/pages/Portfolio.test.tsx[2m
 > [22mPortfolio[2m > 
[22msupports keyboard 
sorting and pagination state 
from the URL
[31m[1mTestingLibraryElemen
tError[22m[39m: Unable to 
find an element with the 
text: /Yield Bearing Cash/i. 
This could be because the 
text is broken up by 
multiple elements. In this 
case, you can provide a 
function for your text 
matcher to make your matcher 
more flexible.

Ignored nodes: comments, 
script, style
[36m<body>[39m
  [36m<div>[39m
    [36m<div[39m
      [33mclass[39m=[32m"g
lass-panel"[39m
      [33mstyle[39m=[32m"p
adding: 32px;"[39m
    [36m>[39m
      [36m<header[39m
        [33mstyle[39m=[32m
"text-align: center; 
margin-bottom: 48px;"[39m
      [36m>[39m
        [36m<h1[39m
          [33mstyle[39m=[3
2m"font-size: 2.5rem; 
margin-bottom: 16px;"[39m
        [36m>[39m
          [0mYour [0m
          [36m<span[39m
            [33mclass[39m=
[32m"text-gradient"[39m
          [36m>[39m
            [0mPortfolio[0m
          [36m</span>[39m
        [36m</h1>[39m
        [36m<p[39m
          
[33mstyle[39m=[32m"color: 
var(--text-secondary); 
font-size: 1.1rem;"[39m
        [36m>[39m
          [0mOverview of 
your deposited real-world 
assets.[0m
        [36m</p>[39m
      [36m</header>[39m
      [36m<div[39m
        
[33mclass[39m=[32m"flex 
flex-col gap-lg"[39m
      [36m>[39m
        [36m<div[39m
          [33mclass[39m=[3
2m"glass-panel"[39m
          [33mrole[39m=[32
m"alert"[39m
          [33mstyle[39m=[3
2m"padding: 16px 18px; 
margin-bottom: 20px; 
background: rgba(255, 107, 
107, 0.12); border: 1px 
solid rgba(255, 107, 107, 
0.25);"[39m
        [36m>[39m
          [36m<div[39m
            [33mstyle[39m=
[32m"font-weight: 600; 
margin-bottom: 4px;"[39m
          [36m>[39m
            [0mData 
unavailable[0m
          [36m</div>[39m
          [36m<div[39m
            
[33mstyle[39m=[32m"color: 
var(--text-secondary); 
font-size: 0.9rem;"[39m
          [36m>[39m
            [0mInvalid 
value for "walletAddress": 
Must be a valid Stellar 
public key (starts with G, 
56 chars).[0m
          [36m</div>[39m
        [36m</div>[39m
        [36m<div[39m
          [33mclass[39m=[3
2m"portfolio-summary-grid"[3
9m
          [33mstyle[39m=[3
2m"display: grid; gap: 24px; 
grid-template-columns: 
repeat(auto-fit, 
minmax(240px, 1fr));"[39m
        [36m>[39m
          [36m<div[39m
            [33mclass[39m=
[32m"glass-panel"[39m
            [33mstyle[39m=
[32m"padding: 24px; 
background: 
var(--bg-muted);"[39m
          [36m>[39m
            [36m<div[39m
              [33mstyle[39m
=[32m"font-size: 0.9rem; 
color: 
var(--text-secondary);"[39m
            [36m>[39m
              [0mTotal 
Assets[0m
            [36m</div>[39m
            [36m<div[39m
              [33mstyle[39m
=[32m"font-size: 1.8rem; 
font-weight: 600;"[39m
            [36m>[39m
              [0m$0.00[0m
            [36m</div>[39m
          [36m</div>[39m
          [36m<div[39m
            [33mclass[39m=
[32m"glass-panel"[39m
            [33mstyle[39m=
[32m"padding: 24px; 
background: 
var(--bg-muted);"[39m
          [36m>[39m
            [36m<div[39m
              [33mstyle[39m
=[32m"font-size: 0.9rem; 
color: 
var(--text-secondary);"[39m
            [36m>[39m
              [0mUnrealized 
Gain[0m
            [36m</div>[39m
            [36m<div[39m
              [33mstyle[39m
=[32m"font-size: 1.2rem; 
color: var(--accent-cyan); 
font-weight: 600;"[39m
            [36m>[39m
              [0m+[0m
              [0m$0.00[0m
            [36m</div>[39m
          [36m</div>[39m
        [36m</div>[39m
        [36m<section[39m
          [33maria-label[39
m=[32m"Portfolio 
holdings"[39m
          [33mclass[39m=[3
2m"glass-panel"[39m
          [33mstyle[39m=[3
2m"padding: 24px; 
background: 
var(--bg-muted);"[39m
        [36m>[39m
          [36m<div[39m
            [33mclass[39m=
[32m"portfolio-toolbar"[39m
          [36m>[39m
            [36m<div>[39m
              [36m<h3[39m
                [33mstyle[3
9m=[32m"margin-bottom: 
6px;"[39m
              [36m>[39m
                
[0mHoldings[0m
              [36m</h3>[39m
              [36m<p[39m
                
[33mstyle[39m=[32m"color: 
var(--text-secondary); 
font-size: 0.92rem;"[39m
              [36m>[39m
                [0mSort, 
search, and page through all 
current vault positions.[0m
              [36m</p>[39m
            [36m</div>[39m
            [36m<div[39m
              [33mclass[39m
=[32m"portfolio-toolbar-cont
rols"[39m
            [36m>[39m
              
[36m<label[39m
                [33mclass[3
9m=[32m"input-group"[39m
                [33mstyle[3
9m=[32m"min-width: 
180px;"[39m
              [36m>[39m
                
[36m<span>[39m
                  [0mStatus 
Filter[0m
                
[36m</span>[39m
                
[36m<div[39m
                  [33mclass
[39m=[32m"input-wrapper"[39
m
                [36m>[39m
                  
[36m<select[39m
                    [33maria
-label[39m=[32m"Filter by 
status"[39m
                    [33mclas
s[39m=[32m"portfolio-select
"[39m
                  [36m>[39m
                    
[36m<option[39m
                      [33mva
lue[39m=[32m"all"[39m
                    
[36m>[39m
                      
[0mAll Statuses[0m
                    
[36m</option>[39m
                    
[36m<option[39m
                      [33mva
lue[39m=[32m"active"[39m
                    
[36m>[39m
                      
[0mActive[0m
                    
[36m</option>[39m
                    
[36m<option[39m
                      [33mva
lue[39m=[32m"inactive"[39m
                    
[36m>[39m
                      
[0mInactive[0m
                    
[36m</option>[39m
                  
[36m</select>[39m
                
[36m</div>[39m
              
[36m</label>[39m
              
[36m<label[39m
                [33mclass[3
9m=[32m"input-group"[39m
                [33mstyle[3
9m=[32m"min-width: 
220px;"[39m
              [36m>[39m
                
[36m<span>[39m
                  [0mSearch 
holdings[0m
                
[36m</span>[39m
                
[36m<div[39m
                  [33mclass
[39m=[32m"input-wrapper"[39
m
                [36m>[39m
                  
[36m<input[39m
                    [33mclas
s[39m=[32m"input-field"[39
m
                    [33mplac
eholder[39m=[32m"Search 
asset, vault, issuer..."[39m
                    [33mstyl
e[39m=[32m"font-size: 
1rem; font-family: 
var(--font-sans);"[39m
                    [33mtype
[39m=[32m"search"[39m
                    
[33mvalue[39m=[32m""[39m
                  
[36m/>[39m
                
[36m</div>[39m
              
[36m</label>[39m
            [36m</div>[39m
          [36m</div>[39m
          [36m<div[39m
            
[33mstyle[39m=[32m"color: 
var(--text-secondary); 
font-size: 0.86rem; 
margin-bottom: 16px;"[39m
          [36m>[39m
            [0m0 holdings 
found[0m
          [36m</div>[39m
          [36m<div[39m
            [33mclass[39m=
[32m"data-table-shell 
glass-panel"[39m
          [36m>[39m
            [36m<div[39m
              [33mclass[39m
=[32m"data-table-scroll"[39
m
            [36m>[39m
              
[36m<table[39m
                
[33mclass[39m=[32m"da...

Ignored nodes: comments, 
script, style
[36m<body>[39m
  [36m<div>[39m
    [36m<div[39m
      [33mclass[39m=[32m"g
lass-panel"[39m
      [33mstyle[39m=[32m"p
adding: 32px;"[39m
    [36m>[39m
      [36m<header[39m
        [33mstyle[39m=[32m
"text-align: center; 
margin-bottom: 48px;"[39m
      [36m>[39m
        [36m<h1[39m
          [33mstyle[39m=[3
2m"font-size: 2.5rem; 
margin-bottom: 16px;"[39m
        [36m>[39m
          [0mYour [0m
          [36m<span[39m
            [33mclass[39m=
[32m"text-gradient"[39m
          [36m>[39m
            [0mPortfolio[0m
          [36m</span>[39m
        [36m</h1>[39m
        [36m<p[39m
          
[33mstyle[39m=[32m"color: 
var(--text-secondary); 
font-size: 1.1rem;"[39m
        [36m>[39m
          [0mOverview of 
your deposited real-world 
assets.[0m
        [36m</p>[39m
      [36m</header>[39m
      [36m<div[39m
        
[33mclass[39m=[32m"flex 
flex-col gap-lg"[39m
      [36m>[39m
        [36m<div[39m
          [33mclass[39m=[3
2m"glass-panel"[39m
          [33mrole[39m=[32
m"alert"[39m
          [33mstyle[39m=[3
2m"padding: 16px 18px; 
margin-bottom: 20px; 
background: rgba(255, 107, 
107, 0.12); border: 1px 
solid rgba(255, 107, 107, 
0.25);"[39m
        [36m>[39m
          [36m<div[39m
            [33mstyle[39m=
[32m"font-weight: 600; 
margin-bottom: 4px;"[39m
          [36m>[39m
            [0mData 
unavailable[0m
          [36m</div>[39m
          [36m<div[39m
            
[33mstyle[39m=[32m"color: 
var(--text-secondary); 
font-size: 0.9rem;"[39m
          [36m>[39m
            [0mInvalid 
value for "walletAddress": 
Must be a valid Stellar 
public key (starts with G, 
56 chars).[0m
          [36m</div>[39m
        [36m</div>[39m
        [36m<div[39m
          [33mclass[39m=[3
2m"portfolio-summary-grid"[3
9m
          [33mstyle[39m=[3
2m"display: grid; gap: 24px; 
grid-template-columns: 
repeat(auto-fit, 
minmax(240px, 1fr));"[39m
        [36m>[39m
          [36m<div[39m
            [33mclass[39m=
[32m"glass-panel"[39m
            [33mstyle[39m=
[32m"padding: 24px; 
background: 
var(--bg-muted);"[39m
          [36m>[39m
            [36m<div[39m
              [33mstyle[39m
=[32m"font-size: 0.9rem; 
color: 
var(--text-secondary);"[39m
            [36m>[39m
              [0mTotal 
Assets[0m
            [36m</div>[39m
            [36m<div[39m
              [33mstyle[39m
=[32m"font-size: 1.8rem; 
font-weight: 600;"[39m
            [36m>[39m
              [0m$0.00[0m
            [36m</div>[39m
          [36m</div>[39m
          [36m<div[39m
            [33mclass[39m=
[32m"glass-panel"[39m
            [33mstyle[39m=
[32m"padding: 24px; 
background: 
var(--bg-muted);"[39m
          [36m>[39m
            [36m<div[39m
              [33mstyle[39m
=[32m"font-size: 0.9rem; 
color: 
var(--text-secondary);"[39m
            [36m>[39m
              [0mUnrealized 
Gain[0m
            [36m</div>[39m
            [36m<div[39m
              [33mstyle[39m
=[32m"font-size: 1.2rem; 
color: var(--accent-cyan); 
font-weight: 600;"[39m
            [36m>[39m
              [0m+[0m
              [0m$0.00[0m
            [36m</div>[39m
          [36m</div>[39m
        [36m</div>[39m
        [36m<section[39m
          [33maria-label[39
m=[32m"Portfolio 
holdings"[39m
          [33mclass[39m=[3
2m"glass-panel"[39m
          [33mstyle[39m=[3
2m"padding: 24px; 
background: 
var(--bg-muted);"[39m
        [36m>[39m
          [36m<div[39m
            [33mclass[39m=
[32m"portfolio-toolbar"[39m
          [36m>[39m
            [36m<div>[39m
              [36m<h3[39m
                [33mstyle[3
9m=[32m"margin-bottom: 
6px;"[39m
              [36m>[39m
                
[0mHoldings[0m
              [36m</h3>[39m
              [36m<p[39m
                
[33mstyle[39m=[32m"color: 
var(--text-secondary); 
font-size: 0.92rem;"[39m
              [36m>[39m
                [0mSort, 
search, and page through all 
current vault positions.[0m
              [36m</p>[39m
            [36m</div>[39m
            [36m<div[39m
              [33mclass[39m
=[32m"portfolio-toolbar-cont
rols"[39m
            [36m>[39m
              
[36m<label[39m
                [33mclass[3
9m=[32m"input-group"[39m
                [33mstyle[3
9m=[32m"min-width: 
180px;"[39m
              [36m>[39m
                
[36m<span>[39m
                  [0mStatus 
Filter[0m
                
[36m</span>[39m
                
[36m<div[39m
                  [33mclass
[39m=[32m"input-wrapper"[39
m
                [36m>[39m
                  
[36m<select[39m
                    [33maria
-label[39m=[32m"Filter by 
status"[39m
                    [33mclas
s[39m=[32m"portfolio-select
"[39m
                  [36m>[39m
                    
[36m<option[39m
                      [33mva
lue[39m=[32m"all"[39m
                    
[36m>[39m
                      
[0mAll Statuses[0m
                    
[36m</option>[39m
                    
[36m<option[39m
                      [33mva
lue[39m=[32m"active"[39m
                    
[36m>[39m
                      
[0mActive[0m
                    
[36m</option>[39m
                    
[36m<option[39m
                      [33mva
lue[39m=[32m"inactive"[39m
                    
[36m>[39m
                      
[0mInactive[0m
                    
[36m</option>[39m
                  
[36m</select>[39m
                
[36m</div>[39m
              
[36m</label>[39m
              
[36m<label[39m
                [33mclass[3
9m=[32m"input-group"[39m
                [33mstyle[3
9m=[32m"min-width: 
220px;"[39m
              [36m>[39m
                
[36m<span>[39m
                  [0mSearch 
holdings[0m
                
[36m</span>[39m
                
[36m<div[39m
                  [33mclass
[39m=[32m"input-wrapper"[39
m
                [36m>[39m
                  
[36m<input[39m
                    [33mclas
s[39m=[32m"input-field"[39
m
                    [33mplac
eholder[39m=[32m"Search 
asset, vault, issuer..."[39m
                    [33mstyl
e[39m=[32m"font-size: 
1rem; font-family: 
var(--font-sans);"[39m
                    [33mtype
[39m=[32m"search"[39m
                    
[33mvalue[39m=[32m""[39m
                  
[36m/>[39m
                
[36m</div>[39m
              
[36m</label>[39m
            [36m</div>[39m
          [36m</div>[39m
          [36m<div[39m
            
[33mstyle[39m=[32m"color: 
var(--text-secondary); 
font-size: 0.86rem; 
margin-bottom: 16px;"[39m
          [36m>[39m
            [0m0 holdings 
found[0m
          [36m</div>[39m
          [36m<div[39m
            [33mclass[39m=
[32m"data-table-shell 
glass-panel"[39m
          [36m>[39m
            [36m<div[39m
              [33mclass[39m
=[32m"data-table-scroll"[39
m
            [36m>[39m
              
[36m<table[39m
                
[33mclass[39m=[32m"da...
[90m [2mΓ¥»[22m 
waitForWrapper node_modules/@
testing-library/dom/dist/wait
-for.js:[2m163:27[22m[39m
[90m [2mΓ¥»[22m node_modul
es/@testing-library/dom/dist/
query-helpers.js:[2m86:33[2
2m[39m
[36m [2mΓ¥»[22m src/pages/
Portfolio.test.tsx:[2m163:25
[22m[39m
    [90m161|[39m     render
Portfolio("/portfolio?page=2&
pageSize=4&sortBy=asset&direc
tiΓÇª
    [90m162|[39m
    [90m163|[39m     
expect(await 
screen.findByText(/Yield 
Bearing 
Cash/i)).toBeInTheDoΓÇª
    [90m   |[39m           
              [31m^[39m
    [90m164|[39m     expect
(screen.getByText(/USDC 
Treasury Pool/i)).toBeInTheDo
cument(ΓÇª
    [90m165|[39m

[31m[2mΓÄ»ΓÄ»ΓÄ»ΓÄ»ΓÄ»ΓÄ»ΓÄ
»ΓÄ»ΓÄ»ΓÄ»ΓÄ»ΓÄ»ΓÄ»ΓÄ»ΓÄ»ΓÄ»Γ
Ä»ΓÄ»ΓÄ»ΓÄ»ΓÄ»ΓÄ»ΓÄ»ΓÄ»[4/6]Γ
Ä»[22m[39m

[41m[1m FAIL [22m[49m src
/pages/TransactionHistory.tes
t.tsx[2m > 
[22mTransactionHistory[2m 
> [22mcalls getTransactions 
with the correct wallet 
address on mount
[31m[1mAssertionError[22m
[39m: expected "vi.fn()" to 
be called with arguments: [ '
GABC1234567890TESTWALLETADDRE
SS' ][90m

Received:

[1m  1st vi.fn() call:

[22m[2m  [[22m
[32m-   "GABC1234567890TESTW
ALLETADDRESS",[90m
[31m+   {[90m
[31m+     "limit": 10,[90m
[31m+     "order": 
"desc",[90m
[31m+     "type": 
"all",[90m
[31m+     "walletAddress": "
GABC1234567890TESTWALLETADDRE
SS",[90m
[31m+   },[90m
[2m  ][22m
[39m[90m

Number of calls: [1m1[22m
[39m

Ignored nodes: comments, 
script, style
[36m<html>[39m
  [36m<head />[39m
  [36m<body>[39m
    [36m<div>[39m
      [36m<div[39m
        [33mclass[39m=[32m
"glass-panel"[39m
        [33mstyle[39m=[32m
"padding: 32px;"[39m
      [36m>[39m
        [36m<header[39m
          [33mstyle[39m=[3
2m"text-align: center; 
margin-bottom: 48px;"[39m
        [36m>[39m
          [36m<h1[39m
            [33mstyle[39m=
[32m"font-size: 2.5rem; 
margin-bottom: 16px;"[39m
          [36m>[39m
            [0mTransaction 
[0m
            [36m<span[39m
              [33mclass[39m
=[32m"text-gradient"[39m
            [36m>[39m
              [0mHistory[0m
            [36m</span>[39m
          [36m</h1>[39m
          [36m<p[39m
            
[33mstyle[39m=[32m"color: 
var(--text-secondary); 
font-size: 1.1rem;"[39m
          [36m>[39m
            [0mView all 
your past deposits and 
withdrawals.[0m
          [36m</p>[39m
        [36m</header>[39m
        [36m<div[39m
          
[33mclass[39m=[32m"flex 
flex-col gap-lg"[39m
        [36m>[39m
          [36m<section[39m
            [33maria-label[
39m=[32m"Transaction 
history"[39m
            [33mclass[39m=
[32m"glass-panel"[39m
            [33mstyle[39m=
[32m"padding: 24px; 
background: 
var(--bg-muted);"[39m
          [36m>[39m
            [36m<div[39m
              [33mclass[39m
=[32m"portfolio-toolbar"[39
m
            [36m>[39m
              [36m<div>[39m
                [36m<h3[39m
                  [33mstyle
[39m=[32m"margin-bottom: 
6px;"[39m
                [36m>[39m
                  
[0mTransactions[0m
                
[36m</h3>[39m
                [36m<p[39m
                  
[33mstyle[39m=[32m"color: 
var(--text-secondary); 
font-size: 0.92rem;"[39m
                [36m>[39m
                  [0mSort 
and filter your deposit and 
withdrawal history.[0m
                
[36m</p>[39m
              
[36m</div>[39m
              [36m<div[39m
                [33mclass[3
9m=[32m"portfolio-toolbar-co
ntrols"[39m
              [36m>[39m
                
[36m<label[39m
                  [33mclass
[39m=[32m"input-group"[39m
                  [33mstyle
[39m=[32m"min-width: 
160px;"[39m
                [36m>[39m
                  
[36m<span>[39m
                    
[0mType[0m
                  
[36m</span>[39m
                  
[36m<div[39m
                    [33mclas
s[39m=[32m"input-wrapper"[
39m
                  [36m>[39m
                    
[36m<select[39m
                      [33mar
ia-label[39m=[32m"Filter 
by type"[39m
                      [33mcl
ass[39m=[32m"portfolio-sele
ct"[39m
                    
[36m>[39m
                      
[36m<option[39m
                        [33m
value[39m=[32m"all"[39m
                      
[36m>[39m
                        
[0mAll[0m
                      
[36m</option>[39m
                      
[36m<option[39m
                        [33m
value[39m=[32m"deposit"[39
m
                      
[36m>[39m
                        
[0mDeposit[0m
                      
[36m</option>[39m
                      
[36m<option[39m
                        [33m
value[39m=[32m"withdrawal"
[39m
                      
[36m>[39m
                        
[0mWithdrawal[0m
                      
[36m</option>[39m
                    
[36m</select>[39m
                  
[36m</div>[39m
                
[36m</label>[39m
                
[36m<label[39m
                  [33mclass
[39m=[32m"input-group"[39m
                  [33mstyle
[39m=[32m"min-width: 
120px;"[39m
                [36m>[39m
                  
[36m<span>[39m
                    
[0mRows[0m
                  
[36m</span>[39m
                  
[36m<div[39m
                    [33mclas
s[39m=[32m"input-wrapper"[
39m
                  [36m>[39m
                    
[36m<select[39m
                      [33mar
ia-label[39m=[32m"Rows per 
page"[39m
                      [33mcl
ass[39m=[32m"portfolio-sele
ct"[39m
                    
[36m>[39m
                      
[36m<option[39m
                        [33m
value[39m=[32m"10"[39m
                      
[36m>[39m
                        
[0m10[0m
                      
[36m</option>[39m
                      
[36m<option[39m
                        [33m
value[39m=[32m"25"[39m
                      
[36m>[39m
                        
[0m25[0m
                      
[36m</option>[39m
                      
[36m<option[39m
                        [33m
value[39m=[32m"50"[39m
                      
[36m>[39m
                        
[0m50[0m
                      
[36m</option>[39m
                    
[36m</select>[39m
                  
[36m</div>[39m
                
[36m</label>[39m
              
[36m</div>[39m
            [36m</div>[39m
            [36m<div[39m
              
[33mstyle[39m=[32m"color: 
var(--text-secondary); 
font-size: 0.86rem; 
margin-bottom: 16px;"[39m
            [36m>[39m
              [0m0 
transactions found[0m
            [36m</div>[39m
            [36m<div[39m
              [33mclass[39m
=[32m"data-table-shell 
glass-panel"[39m
            [36m>[39m
              [36m<div[39m
                [33mclass[3
9m=[32m"data-table-scroll"[
39m
              [36m>[39m
                
[36m<table[39m
                  [33mclass
[39m=[32m"data-table"[39m
                [36m>[39m
                  
[36m<caption[39m
                    [33mclas
s[39m=[32m"sr-only"[39m
                  [36m>[39m
                    
[0mTransaction history[0m
                  
[36m</caption>[39m
                  
[36m<thead>[39m
                    
[36m<tr>[39m
                      
[36m<th[39m
                        [33m
aria-sort[39m=[32m"none"[3
9m
                        [33m
scope[39m=[32m"col"[39m
                        [33m
style[39m=[32m"text-align: 
left;"[39m
                      
[36m>[39m
                        
[36m<button[39m
                          [3
3maria-label[39m=[32m"Sort 
by Type"[39m
                          [3
3mclass[39m=[32m"data-table
-sort"[39m
                          [3
3mtype[39m=[32m"button"[39
m
                        
[36m>[39m
                          
[36m<span>[39m
                            
[0mType[0m
                          
[36m</span>[39m
                          
[36m<span[39m
                            
[33maria-hidden[39m=[32m"tr
ue"[39m
                            
[33mclass[39m=[32m"data-tab
le-sort-indicator"[39m
                          
[36m>[39m
                            
[0mΓåò[0m
                          
[36m</span>[39m
                        
[36m</button>[39m
                      
[36m</th>[39m
                      
[36m<th[39m
                        [33m
aria-sort[39m=[32m"none"[3
9m
                        [33m
scope[39m=[32m"col"[39m
                        [33m
style[39m=[32m"text-align: 
left;"[39m
                      
[36m>[39m
                        
[36m<button[39m
                          [3
3maria-label[39m=[32m"Sort 
by Amount"[39m
                          [3
3mclass[39m=[32m"data-table
-sort"[39m
                          [3
3mtype[39m=[32m"button"[39
m
                        
[36m>[39m
                          
[36m<span>[39m
                            
[0mAmount[0m
                          
[36m</span>[39m
                          
[36m<span[39m
                            
[33maria-hidden[39m=[32m"tr
ue"[39m
                            
[33mclass[39m=[32m"data-tab
le-sort-indicator"[39m
                          
[36m>[39m
                            
[0mΓåò[0m
                          
[36m</span>[39m
                        
[36m</button>[39m
                      
[36m</th>[39m
                      
[36m<th[39m
                        [33m
aria-sort[39m=[32m"none"[3
9m
                        [33m
scope[39m=[32m"col"[39m
                        [33m
style[39m=[32m"text-align: 
left;"[39m
                      
[36m>[39m
                        
[36m<span>[39m
                          
[0mAsset[0m
                        
[36m</span>[39m
                      
[36m</th>[39m
                      
[36m<th[39m
                        [33m
aria-sort[39m=[32m"descendi
ng"[39m
                        [33m
scope[39m=[32m"col"[39m
                        [33m
style[39m=[32m"text-align: 
left;"[39m
                      
[36m>[39m
                        
[36m<button[39m
                          [3
3maria-label[39m=[32m"Sort 
by Date"[39m
                          [3
3mclass[39m=[32m"data-table
-sort"[39m
                          [3
3mtype[39m=[32m"button"[39
m
                        
[36m>[39m
                          
[36m<span>[39m
                            
[0mDate[0m
                          
[36m</span>[39m
                          
[36m<span[39m
                            
[33maria-hidden[39m=[32m"tr
ue"[39m
                            
[33mclass[39m=[32m"data-tab
le-sort-indicator"[39m
                          
[36m>[39m
                            
[0mΓåô[0m
                          
[36m</span>[39m
                        
[36m</button>[39m
                      
[36m</th>[39m
                      
[36m<th[39m
                        [33m
aria-sort[39m=[32m"none"[3
9m
                        [33m
scope[39m=[32m"col"[39m
                        [33m
style[39m=[32m"text-align: 
left;"[39m
                      
[36m>[39m
                        
[36m<span>[39m
                          
[0mTransaction Hash[0m
                        
[36m</span>[39m
                      
[36m</th>[39m
                    
[36m</tr>[39m
                  
[36m</thead>[39m
                  
[36m<tbody>[39m
                    
[36m<tr>[39m
                      
[36m<td[39m
                        [33m
class[39m=[32m"data-table-e
mpty"[39m
                        [33m
colspan[39m=[32m"5"[39m
                      
[36m>[39m
                        
[0mNo transactions found 
for this wallet.[0m
                      
[36m</td>[39m
                    
[36m</tr>[39m
                  
[36m</tbody>[39m
                
[36m</table>[39m
              
[36m</div>[39m
              [36m<div[39m
                [33mclass[3
9m=[32m"data-table-paginatio
n"[39m
                [33mstyle[3
9m=[32m"padding: 0px;"[39m
              [36m>[39m
                
[36m<div[39m
                  [33maria-l
abel[39m=[32m"Pagination"[
39m
                  [33mclass
[39m=[32m"pagination-contain
er"[39m
                [36m>[39m
                  
[36m<div[39m
                    [33maria
-live[39m=[32m"polite"[39m
                    [33mclas
s[39m=[32m"pagination-summa
ry"[39m
                  [36m>[39m
                    [0mPage 
1 of 1[0m
                    [0m ΓÇö 
Showing [0m
                    [0m0[0m
                    
[0mΓÇô[0m
                    [0m0[0m
                    [0m of 
[0m
                    [0m0[0m
                    [0m 
results[0m
                  
[36m</div>[39m
                  
[36m<div[39m
                    [33mclas
s[39m=[32m"pagination-contr
ols-wrapper"[39m
                  [36m>[39m
                    
[36m<nav[39m
                      [33mar
ia-label[39m=[32m"Page 
navigation"[39m
                      [33mcl
ass[39m=[32m"pagination-nav
-buttons"[39m
                    
[36m>[39m
                      
[36m<button[39m
                        [33m
aria-label[39m=[32m"Go to 
previous page"[39m
                        
[33mclass[39m=[32m"btn 
btn-outline 
pagination-btn-nav"[39m
                        [33m
disabled[39m=[32m""[39m
                        [33m
type[39m=[32m"button"[39m
                      
[36m>[39m
                        
[36m<svg[39m
                          [3
3maria-hidden[39m=[32m"true
"[39m
                          
[33mclass[39m=[32m"lucide 
lucide-chevron-left"[39m
                          [3
3mfill[39m=[32m"none"[39m
                          [3
3mheight[39m=[32m"16"[39m
                          [3
3mstroke[39m=[32m"currentCo
lor"[39m
                          [3
3mstroke-linecap[39m=[32m"r
ound"[39m
                          [3
3mstroke-linejoin[39m=[32m"
round"[39m
                          [3
3mstroke-width[39m=[32m"2"
[39m
                          
[33mviewBox[39m=[32m"0 0 
24 24"[39m
                          [3
3mwidth[39m=[32m"16"[39m
                          [3
3mxmlns[39m=[32m"http://www
.w3.org/2000/svg"[39m
                        
[36m>[39m
                          
[36m<path[39m
                            
[33md[39m=[32m"m15 18-6-6 
6-6"[39m
                          
[36m/>[39m
                        
[36m</svg>[39m
                      
[36m</button>[39m
                      
[36m<div[39m
                        [33m
class[39m=[32m"pagination-p
ages"[39m
                      
[36m>[39m
                        
[36m<button[39m
                          [3
3maria-current[39m=[32m"pag
e"[39m
                          [3
3maria-label[39m=[32m"Go 
to page 1"[39m
                          [3
3mclass[39m=[32m"pagination
-page-btn active"[39m
                          [3
3mtype[39m=[32m"button"[39
m
                        
[36m>[39m
                          
[0m1[0m
                        
[36m</button>[39m
                      
[36m</div>[39m
                      
[36m<button[39m
                        [33m
aria-label[39m=[32m"Go to 
next page"[39m
                        
[33mclass[39m=[32m"btn 
btn-outline 
pagination-btn-nav"[39m
                        [33m
disabled[39m=[32m""[39m
                        [33m
type[39m=[32m"button"[39m
                      
[36m>[39m
                        
[36m<svg[39m
                          [3
3maria-hidden[39m=[32m"true
"[39m
                          
[33mclass[39m=[32m"lucide 
lucide-chevron-right"[39m
                          [3
3mfill[39m=[32m"none"[39m
                          [3
3mheight[39m=[32m"16"[39m
                          [3
3mstroke[39m=[32m"currentCo
lor"[39m
                          [3
3mstroke-linecap[39m=[32m"r
ound"[39m
                          [3
3mstroke-linejoin[39m=[32m"
round"[39m
                          [3
3mstroke-width[39m=[32m"2"
[39m
                          
[33mviewBox[39m=[32m"0 0 
24 24"[39m
                          [3
3mwidth[39m=[32m"16"[39m
                          [3
3mxmlns[39m=[32m"http://www
.w3.org/2000/svg"[39m
                        
[36m>[39m
                          
[36m<path[39m
                            
[33md[39m=[32m"m9 18 
6-6-6-6"[39m
                          
[36m/>[39m
                        
[36m</svg>[39m
                      
[36m</button>[39m
                    
[36m</nav>[39m
                  
[36m</div>[39m
                
[36m</div>[39m
              
[36m</div>[39m
            [36m</div>[39m
          
[36m</section>[39m
        [36m</div>[39m
      [36m</div>[39m
    [36m</div>[39m
  [36m</body>[39m
[36m</html>[39m
[36m [2mΓ¥»[22m src/pages/
TransactionHistory.test.tsx:
[2m101:35[22m[39m
    [90m 99|[39m
    [90m100|[39m     
[35mawait[39m 
[34mwaitFor[39m(() 
[33m=>[39m
    [90m101|[39m       [34
mexpect[39m(mockGetTransacti
ons)[33m.[39m[34mtoHaveBee
nCalledWith[39m([33mWALLET
[39m)[33m,[39m
    [90m   |[39m           
                        
[31m^[39m
    [90m102|[39m     
)[33m;[39m
    [90m103|[39m   
})[33m;[39m
[90m [2mΓ¥»[22m runWithExp
ensiveErrorDiagnosticsDisable
d node_modules/@testing-libra
ry/dom/dist/config.js:[2m47:
12[22m[39m
[90m [2mΓ¥»[22m 
checkCallback node_modules/@t
esting-library/dom/dist/wait-
for.js:[2m124:77[22m[39m
[90m [2mΓ¥»[22m Timeout.ch
eckRealTimersCallback node_mo
dules/@testing-library/dom/di
st/wait-for.js:[2m118:16[22
m[39m

[31m[2mΓÄ»ΓÄ»ΓÄ»ΓÄ»ΓÄ»ΓÄ»ΓÄ
»ΓÄ»ΓÄ»ΓÄ»ΓÄ»ΓÄ»ΓÄ»ΓÄ»ΓÄ»ΓÄ»Γ
Ä»ΓÄ»ΓÄ»ΓÄ»ΓÄ»ΓÄ»ΓÄ»ΓÄ»[5/6]Γ
Ä»[22m[39m

[41m[1m FAIL [22m[49m src
/pages/TransactionHistory.tes
t.tsx[2m > 
[22mTransactionHistory[2m 
> [22mshows filtered empty 
state message when filter 
yields no results
[31m[1mTestingLibraryElemen
tError[22m[39m: Unable to 
find an element with the 
text: No transactions 
matched the current filter.. 
This could be because the 
text is broken up by 
multiple elements. In this 
case, you can provide a 
function for your text 
matcher to make your matcher 
more flexible.

Ignored nodes: comments, 
script, style
[36m<body>[39m
  [36m<div>[39m
    [36m<div[39m
      [33mclass[39m=[32m"g
lass-panel"[39m
      [33mstyle[39m=[32m"p
adding: 32px;"[39m
    [36m>[39m
      [36m<header[39m
        [33mstyle[39m=[32m
"text-align: center; 
margin-bottom: 48px;"[39m
      [36m>[39m
        [36m<h1[39m
          [33mstyle[39m=[3
2m"font-size: 2.5rem; 
margin-bottom: 16px;"[39m
        [36m>[39m
          [0mTransaction 
[0m
          [36m<span[39m
            [33mclass[39m=
[32m"text-gradient"[39m
          [36m>[39m
            [0mHistory[0m
          [36m</span>[39m
        [36m</h1>[39m
        [36m<p[39m
          
[33mstyle[39m=[32m"color: 
var(--text-secondary); 
font-size: 1.1rem;"[39m
        [36m>[39m
          [0mView all your 
past deposits and 
withdrawals.[0m
        [36m</p>[39m
      [36m</header>[39m
      [36m<div[39m
        
[33mclass[39m=[32m"flex 
flex-col gap-lg"[39m
      [36m>[39m
        [36m<section[39m
          [33maria-label[39
m=[32m"Transaction 
history"[39m
          [33mclass[39m=[3
2m"glass-panel"[39m
          [33mstyle[39m=[3
2m"padding: 24px; 
background: 
var(--bg-muted);"[39m
        [36m>[39m
          [36m<div[39m
            [33mclass[39m=
[32m"portfolio-toolbar"[39m
          [36m>[39m
            [36m<div>[39m
              [36m<h3[39m
                [33mstyle[3
9m=[32m"margin-bottom: 
6px;"[39m
              [36m>[39m
                
[0mTransactions[0m
              [36m</h3>[39m
              [36m<p[39m
                
[33mstyle[39m=[32m"color: 
var(--text-secondary); 
font-size: 0.92rem;"[39m
              [36m>[39m
                [0mSort and 
filter your deposit and 
withdrawal history.[0m
              [36m</p>[39m
            [36m</div>[39m
            [36m<div[39m
              [33mclass[39m
=[32m"portfolio-toolbar-cont
rols"[39m
            [36m>[39m
              
[36m<label[39m
                [33mclass[3
9m=[32m"input-group"[39m
                [33mstyle[3
9m=[32m"min-width: 
160px;"[39m
              [36m>[39m
                
[36m<span>[39m
                  
[0mType[0m
                
[36m</span>[39m
                
[36m<div[39m
                  [33mclass
[39m=[32m"input-wrapper"[39
m
                [36m>[39m
                  
[36m<select[39m
                    [33maria
-label[39m=[32m"Filter by 
type"[39m
                    [33mclas
s[39m=[32m"portfolio-select
"[39m
                  [36m>[39m
                    
[36m<option[39m
                      [33mva
lue[39m=[32m"all"[39m
                    
[36m>[39m
                      
[0mAll[0m
                    
[36m</option>[39m
                    
[36m<option[39m
                      [33mva
lue[39m=[32m"deposit"[39m
                    
[36m>[39m
                      
[0mDeposit[0m
                    
[36m</option>[39m
                    
[36m<option[39m
                      [33mva
lue[39m=[32m"withdrawal"[3
9m
                    
[36m>[39m
                      
[0mWithdrawal[0m
                    
[36m</option>[39m
                  
[36m</select>[39m
                
[36m</div>[39m
              
[36m</label>[39m
              
[36m<label[39m
                [33mclass[3
9m=[32m"input-group"[39m
                [33mstyle[3
9m=[32m"min-width: 
120px;"[39m
              [36m>[39m
                
[36m<span>[39m
                  
[0mRows[0m
                
[36m</span>[39m
                
[36m<div[39m
                  [33mclass
[39m=[32m"input-wrapper"[39
m
                [36m>[39m
                  
[36m<select[39m
                    [33maria
-label[39m=[32m"Rows per 
page"[39m
                    [33mclas
s[39m=[32m"portfolio-select
"[39m
                  [36m>[39m
                    
[36m<option[39m
                      [33mva
lue[39m=[32m"10"[39m
                    
[36m>[39m
                      
[0m10[0m
                    
[36m</option>[39m
                    
[36m<option[39m
                      [33mva
lue[39m=[32m"25"[39m
                    
[36m>[39m
                      
[0m25[0m
                    
[36m</option>[39m
                    
[36m<option[39m
                      [33mva
lue[39m=[32m"50"[39m
                    
[36m>[39m
                      
[0m50[0m
                    
[36m</option>[39m
                  
[36m</select>[39m
                
[36m</div>[39m
              
[36m</label>[39m
            [36m</div>[39m
          [36m</div>[39m
          [36m<div[39m
            
[33mstyle[39m=[32m"color: 
var(--text-secondary); 
font-size: 0.86rem; 
margin-bottom: 16px;"[39m
          [36m>[39m
            [0m1 
transactions found[0m
          [36m</div>[39m
          [36m<div[39m
            [33mclass[39m=
[32m"data-table-shell 
glass-panel"[39m
          [36m>[39m
            [36m<div[39m
              [33mclass[39m
=[32m"data-table-scroll"[39
m
            [36m>[39m
              
[36m<table[39m
                [33mclass[3
9m=[32m"data-table"[39m
              [36m>[39m
                
[36m<caption[39m
                  [33mclass
[39m=[32m"sr-only"[39m
                [36m>[39m
                  
[0mTransaction history[0m
                
[36m</caption>[39m
                
[36m<thead>[39m
                  
[36m<tr>[39m
                    
[36m<th[39m
                      [33mar
ia-sort[39m=[32m"none"[39m
                      [33msc
ope[39m=[32m"col"[39m
                      [33mst
yle[39m=[32m"text-align: 
left;"[39m
                    
[36m>[39m
                      
[36m<button[39m
                        [33m
aria-label[39m=[32m"Sort 
by Type"[39m
                        [33m
class[39m=[32m"data-table-s
ort"[39m
                        [33m
type[39m=[32m"button"[39m
                      
[36m>[39m
                        
[36m<span>[39m
                          
[0mType[0m
                        
[36m</span>[39m
                        
[36m<span[39m
                          [3
3maria-hidden[39m=[32m"true
"[39m
                          [3
3mclass[39m=[32m"data-table
-sort-indicator"[39m
                        
[36m>[39m
                          
[0mΓåò[0m
                        
[36m</span>[39m
                      
[36m</button>[39m
                    
[36m</th>[39m
                    
[36m<th[39m
                      [33mar
ia-sort[39m=[32m"none"[39m
                      [33msc
ope[39m=[32m"col"[39m
                      [33mst
yle[39m=[32m"text-align: 
left;"[39m
                    
[36m>[39m
                      
[36m<button[39m
                        [33m
aria-label[39m=[32m"Sort 
by Amount"[39m
                        [33m
class[39m=[32m"data-table-s
ort"[39m
                        [33m
type[39m=[32m"button"[39m
                      
[36m>[39m
                        
[36m<span>[39m
                          
[0mAmount[0m
                        
[36m</span>[39m
                        
[36m<span[39m
                          [3
3maria-hidden[39m=[32m"true
"[39m
                          [3
3mclass[39m=[32m"data-table
-sort-indicator"[39m
                        
[36m>[39m
                          
[0mΓåò[0m
                        
[36m</span>[39m
                      
[36m</button>[39m
                    
[36m</th>[39m
                    
[36m<th[39m
                      [33mar
ia-sort[39m=[32m"none"[39m
                      [33msc
ope[39m=[32m"col"[39m
                      [33mst
yle[39m=[32m"text-align: 
left;"[39m
                    
[36m>[39m
                      
[36m<span>[39m
                        
[0mAsset[0m
                      
[36m</span>[39m
                    
[36m</th>[39m
                    
[36m<th[39m
                      [33mar
ia-sort[39m=[32m"descending
"[39m
                      [33msc
ope[39m=[32m"col"[39m
                      [33mst
yle[39m=[32m"text-align: 
left;"[39m
                    
[36m>[39m
                      
[36m<button[39m
                        [33m
aria-label[39m=[32m"Sort 
by Date"[39m
                        [33m
class[39m=[32m"data-table-s
ort"[39m
                        [33m
type[39m=[32m"button"[39m
                      
[36m>[39m
                        
[36m<span>[39m
                          
[0mDate[0m
                        
[36m</span>[39m
                        
[36m<span[39m
                          [3
3maria-hidden[39m=[32m"true
"[39m
                          [3
3mclass[39m=[32m"data-table
-sort-indicator"[39m
                        
[36m>[39m
                          
[0mΓåô[0m
                        
[36m</span>[39m
                      
[36m</button>[39m
                    
[36m</th>[39m
                    
[36m<th[39m
                      [33mar
ia-sort[39m=[32m"none"[39m
                      [33msc
ope[39m=[32m"col"[39m
                      [33mst
yle[39m=[32m"text-align: 
left;"[39m
                    
[36m>[39m
                      
[36m<span>[39m
                        
[0mTransaction Hash[0m
                      
[36m</span>[39m
                    
[36m</th>[39m
                  
[36m</tr>[39m
                
[36m</thead>[39m
                
[36m<tbody>[39m
                  
[36m<tr[39m
                    [33mclas
s[39m=[32m"data-table-row"
[39m
                    [33mtabi
ndex[39m=[32m"0"[39m
                  [36m>[39m
                    
[36m<td[39m
                      [33mda
ta-label[39m=[32m"Type"[39
m
                      [33mst
yle[39m=[32m"text-align: 
left;"[39m
                    
[36m>[39m
                      
[36m<span[39m
                        
[33mclass[39m=[32m"tag 
cyan"[39m
                        [33m
style[39m=[32m"text-transfo
rm: capitalize;"[39m
                      
[36m>[39m
                        
[0mdeposit[0m
                      
[36m</span>[39m
                    
[36m</td>[39m
                    
[36m<td[39m
                      [33mda
ta-label[39m=[32m"Amount"[
39m
                      [33mst
yle[39m=[32m"text-align: 
left;"[39m
                    
[36m>[39m
                      
[36m<span>[39m
                        
[0m100.00 USDC[0m
                      
[36m</span>[39m
                    
[36m</td>[39m
                    
[36m<td[39m
                      [33mda
ta-label[39m=[32m"Asset"[3
9m
                      [33mst
yle[39m=[32m"text-align: 
left;"[39m
                    
[36m>[39m
                      
[36m<span>[39m
                        
[0mUSDC[0m
                      
[36m</span>[39m
                    
[36m</td>[39m
                    
[36m<td[39m
                      [33mda
ta-label[39m=[32m"Date"[39
m
                      [33mst
yle[39m=[32m"text-align: 
left;"[39m
                    
[36m>[39m
                      
[36m<span>[39m
                        
[0mJan 15, 2025, 11:30 
AM[0m
                      
[36m</span>[39m
                    
[36m</td>[39m
                    
[36m<td[39m
                      [33mda
ta-label[39m=[32m"Transacti
on Hash"[39m
                      [33mst
yle[39m=[32m"text-align: 
left;"[39m
                    
[36m>[39m
                      
[36m<a[39m
                        [33m
href[39m=[32m"https://stell
ar.expert/explorer/testnet/tx
/abcdef1234567890abcdef123456
7890abcdef12"[39m
                        
[33mrel[39m=[32m"noopener 
noreferrer"[39m
                        
[33mstyle[39m=[32m"color: 
var(--accent-cyan); 
text-decoration: none;"[39m
                        [33m
target[39m=[32m"_blank"[39
m
                        [33m
title[39m=[32m"abcdef123456
7890abcdef1234567890abcdef12"
[39m
                      
[36m>[39m
                        
[0mabcdef12...ef12[0m
                      
[36m</a>[39m
                    
[36m</td>[39m
                  
[36m</tr>[39m
                
[36m</tbody>[39m
              
[36m</table>[39m
            [36m</div>[39m
            [36m<div[39m
              [33mclass[39m
=[32m"data-table-pagination"
[39m
              [33mstyle[39m
=[32m"padding: 0px;"[39m
            [36m>[39m
              [36m<div[39m
                [33maria-lab
el[39m=[32m"Pagination"[39
m
                [33mclass[3
9m=[32m"pagination-container
"[39m
              [36m>[39m
                
[36m<div[39m
                  [33maria-l
ive[39m=[32m"polite"[39m
                  [33mclass
[39m=[32m"pagination-summary
"[39m
                [36m>[39m
                  [0mPage 1 
of 1[0m
                  [0m ΓÇö 
Showing [0m
                  [0m1[0m
                  [0mΓÇô[0m
                  [0m1[0m
                  [0m of 
[0m
                  [0m1[0m
                  [0m 
results[0m
                
[36m</div>[39m
                
[36m<div[39m
                  [33mclass
[39m=[32m"pagination-control
s-wrapper"[39m
                [36m>[39m
                  
[36m<nav[39m
                    [33maria
-label[39m=[32m"Page 
navigation"[39m
                    [33mclas
s[39m=[32m"pagination-nav-b
uttons"[39m
                  [36m>[39m
                    
[36m<button[39m
                      [33mar
ia-label[39m=[32m"Go to 
previous page"[39m
                      
[33mclass[39m=[32m"btn 
btn-outline 
pagination-btn-nav"[39m
                      [33mdi
sabled[39m=[32m""[39m
                      [33mty
pe[39m=[32m"button"[39m
                    
[36m>[39m
                      
[36m<svg[39m
                        [33m
aria-hidden[39m=[32m"true"
[39m
                        
[33mclass[39m=[32m"lucide 
lucide-chevron-left"[39m
                        [33m
fill[39m=[32m"none"[39m
                        [33m
height[39m=[32m"16"[39m
                        [33m
stroke[39m=[32m"currentColo
r"[39m
                        [33m
stroke-linecap[39m=[32m"rou
nd"[39m
                        [33m
stroke-linejoin[39m=[32m"ro
und"[39m
                        [33m
stroke-width[39m=[32m"2"[3
9m
                        
[33mviewBox[39m=[32m"0 0 
24 24"[39m
                        [33m
width[39m=[32m"16"[39m
                        [33m
xmlns[39m=[32m"http://www.w
3.org/2000/svg"[39m
                      
[36m>[39m
                        
[36m<path[39m
                          
[33md[39m=[32m"m15 18-6-6 
6-6"[39m
                        
[36m/>[39m
                      
[36m</svg>[39m
                    
[36m</button>[39m
                    
[36m<div[39m
                      [33mcl
ass[39m=[32m"pagination-pag
es"[39m
                    
[36m>[39m
                      
[36m<button[39m
                        [33m
aria-current[39m=[32m"page"
[39m
                        [33m
aria-label[39m=[32m"Go to 
page 1"[39m
                        [33m
class[39m=[32m"pagination-p
age-btn active"[39m
                        [33m
type[39m=[32m"button"[39m
                      
[36m>[39m
                        
[0m1[0m
                      
[36m</button>[39m
                    
[36m</div>[39m
                    
[36m<button[39m
                      [33mar
ia-label[39m=[32m"Go to 
next page"[39m
                      
[33mclass[39m=[32m"btn 
btn-outline 
pagination-btn-nav"[39m
                      [33mdi
sabled[39m=[32m""[39m
                      [33mty
pe[39m=[32m"button"[39m
                    
[36m>[39m
                      
[36m<svg[39m
                        [33m
aria-hidden[39m=[32m"true"
[39m
                        
[33mclass[39m=[32m"lucide 
lucide-chevron-right"[39m
                        [33m
fill[39m=[32m"none"[39m
                        [33m
height[39m=[32m"16"[39m
                        [33m
stroke[39m=[32m"currentColo
r"[39m
                        [33m
stroke-linecap[39m=[32m"rou
nd"[39m
                        [33m
stroke-linejoin[39m=[32m"ro
und"[39m
                        [33m
stroke-width[39m=[32m"2"[3
9m
                        
[33mviewBox[39m=[32m"0 0 
24 24"[39m
                        [33m
width[39m=[32m"16"[39m
                        [33m
xmlns[39m=[32m"http://www.w
3.org/2000/svg"[39m
                      
[36m>[39m
                        
[36m<path[39m
                          
[33md[39m=[32m"m9 18 
6-6-6-6"[39m
                        
[36m/>[39m
                      
[36m</svg>[39m
                    
[36m</button>[39m
                  
[36m</nav>[39m
                
[36m</div>[39m
              
[36m</div>[39m
            [36m</div>[39m
          [36m</div>[39m
        [36m</section>[39m
      [36m</div>[39m
    [36m</div>[39m
  [36m</div>[39m
[36m</body>[39m

Ignored nodes: comments, 
script, style
[36m<html>[39m
  [36m<head />[39m
  [36m<body>[39m
    [36m<div>[39m
      [36m<div[39m
        [33mclass[39m=[32m
"glass-panel"[39m
        [33mstyle[39m=[32m
"padding: 32px;"[39m
      [36m>[39m
        [36m<header[39m
          [33mstyle[39m=[3
2m"text-align: center; 
margin-bottom: 48px;"[39m
        [36m>[39m
          [36m<h1[39m
            [33mstyle[39m=
[32m"font-size: 2.5rem; 
margin-bottom: 16px;"[39m
          [36m>[39m
            [0mTransaction 
[0m
            [36m<span[39m
              [33mclass[39m
=[32m"text-gradient"[39m
            [36m>[39m
              [0mHistory[0m
            [36m</span>[39m
          [36m</h1>[39m
          [36m<p[39m
            
[33mstyle[39m=[32m"color: 
var(--text-secondary); 
font-size: 1.1rem;"[39m
          [36m>[39m
            [0mView all 
your past deposits and 
withdrawals.[0m
          [36m</p>[39m
        [36m</header>[39m
        [36m<div[39m
          
[33mclass[39m=[32m"flex 
flex-col gap-lg"[39m
        [36m>[39m
          [36m<section[39m
            [33maria-label[
39m=[32m"Transaction 
history"[39m
            [33mclass[39m=
[32m"glass-panel"[39m
            [33mstyle[39m=
[32m"padding: 24px; 
background: 
var(--bg-muted);"[39m
          [36m>[39m
            [36m<div[39m
              [33mclass[39m
=[32m"portfolio-toolbar"[39
m
            [36m>[39m
              [36m<div>[39m
                [36m<h3[39m
                  [33mstyle
[39m=[32m"margin-bottom: 
6px;"[39m
                [36m>[39m
                  
[0mTransactions[0m
                
[36m</h3>[39m
                [36m<p[39m
                  
[33mstyle[39m=[32m"color: 
var(--text-secondary); 
font-size: 0.92rem;"[39m
                [36m>[39m
                  [0mSort 
and filter your deposit and 
withdrawal history.[0m
                
[36m</p>[39m
              
[36m</div>[39m
              [36m<div[39m
                [33mclass[3
9m=[32m"portfolio-toolbar-co
ntrols"[39m
              [36m>[39m
                
[36m<label[39m
                  [33mclass
[39m=[32m"input-group"[39m
                  [33mstyle
[39m=[32m"min-width: 
160px;"[39m
                [36m>[39m
                  
[36m<span>[39m
                    
[0mType[0m
                  
[36m</span>[39m
                  
[36m<div[39m
                    [33mclas
s[39m=[32m"input-wrapper"[
39m
                  [36m>[39m
                    
[36m<select[39m
                      [33mar
ia-label[39m=[32m"Filter 
by type"[39m
                      [33mcl
ass[39m=[32m"portfolio-sele
ct"[39m
                    
[36m>[39m
                      
[36m<option[39m
                        [33m
value[39m=[32m"all"[39m
                      
[36m>[39m
                        
[0mAll[0m
                      
[36m</option>[39m
                      
[36m<option[39m
                        [33m
value[39m=[32m"deposit"[39
m
                      
[36m>[39m
                        
[0mDeposit[0m
                      
[36m</option>[39m
                      
[36m<option[39m
                        [33m
value[39m=[32m"withdrawal"
[39m
                      
[36m>[39m
                        
[0mWithdrawal[0m
                      
[36m</option>[39m
                    
[36m</select>[39m
                  
[36m</div>[39m
                
[36m</label>[39m
                
[36m<label[39m
                  [33mclass
[39m=[32m"input-group"[39m
                  [33mstyle
[39m=[32m"min-width: 
120px;"[39m
                [36m>[39m
                  
[36m<span>[39m
                    
[0mRows[0m
                  
[36m</span>[39m
                  
[36m<div[39m
                    [33mclas
s[39m=[32m"input-wrapper"[
39m
                  [36m>[39m
                    
[36m<select[39m
                      [33mar
ia-label[39m=[32m"Rows per 
page"[39m
                      [33mcl
ass[39m=[32m"portfolio-sele
ct"[39m
                    
[36m>[39m
                      
[36m<option[39m
                        [33m
value[39m=[32m"10"[39m
                      
[36m>[39m
                        
[0m10[0m
                      
[36m</option>[39m
                      
[36m<option[39m
                        [33m
value[39m=[32m"25"[39m
                      
[36m>[39m
                        
[0m25[0m
                      
[36m</option>[39m
                      
[36m<option[39m
                        [33m
value[39m=[32m"50"[39m
                      
[36m>[39m
                        
[0m50[0m
                      
[36m</option>[39m
                    
[36m</select>[39m
                  
[36m</div>[39m
                
[36m</label>[39m
              
[36m</div>[39m
            [36m</div>[39m
            [36m<div[39m
              
[33mstyle[39m=[32m"color: 
var(--text-secondary); 
font-size: 0.86rem; 
margin-bottom: 16px;"[39m
            [36m>[39m
              [0m1 
transactions found[0m
            [36m</div>[39m
            [36m<div[39m
              [33mclass[39m
=[32m"data-table-shell 
glass-panel"[39m
            [36m>[39m
              [36m<div[39m
                [33mclass[3
9m=[32m"data-table-scroll"[
39m
              [36m>[39m
                
[36m<table[39m
                  [33mclass
[39m=[32m"data-table"[39m
                [36m>[39m
                  
[36m<caption[39m
                    [33mclas
s[39m=[32m"sr-only"[39m
                  [36m>[39m
                    
[0mTransaction history[0m
                  
[36m</caption>[39m
                  
[36m<thead>[39m
                    
[36m<tr>[39m
                      
[36m<th[39m
                        [33m
aria-sort[39m=[32m"none"[3
9m
                        [33m
scope[39m=[32m"col"[39m
                        [33m
style[39m=[32m"text-align: 
left;"[39m
                      
[36m>[39m
                        
[36m<button[39m
                          [3
3maria-label[39m=[32m"Sort 
by Type"[39m
                          [3
3mclass[39m=[32m"data-table
-sort"[39m
                          [3
3mtype[39m=[32m"button"[39
m
                        
[36m>[39m
                          
[36m<span>[39m
                            
[0mType[0m
                          
[36m</span>[39m
                          
[36m<span[39m
                            
[33maria-hidden[39m=[32m"tr
ue"[39m
                            
[33mclass[39m=[32m"data-tab
le-sort-indicator"[39m
                          
[36m>[39m
                            
[0mΓåò[0m
                          
[36m</span>[39m
                        
[36m</button>[39m
                      
[36m</th>[39m
                      
[36m<th[39m
                        [33m
aria-sort[39m=[32m"none"[3
9m
                        [33m
scope[39m=[32m"col"[39m
                        [33m
style[39m=[32m"text-align: 
left;"[39m
                      
[36m>[39m
                        
[36m<button[39m
                          [3
3maria-label[39m=[32m"Sort 
by Amount"[39m
                          [3
3mclass[39m=[32m"data-table
-sort"[39m
                          [3
3mtype[39m=[32m"button"[39
m
                        
[36m>[39m
                          
[36m<span>[39m
                            
[0mAmount[0m
                          
[36m</span>[39m
                          
[36m<span[39m
                            
[33maria-hidden[39m=[32m"tr
ue"[39m
                            
[33mclass[39m=[32m"data-tab
le-sort-indicator"[39m
                          
[36m>[39m
                            
[0mΓåò[0m
                          
[36m</span>[39m
                        
[36m</button>[39m
                      
[36m</th>[39m
                      
[36m<th[39m
                        [33m
aria-sort[39m=[32m"none"[3
9m
                        [33m
scope[39m=[32m"col"[39m
                        [33m
style[39m=[32m"text-align: 
left;"[39m
                      
[36m>[39m
                        
[36m<span>[39m
                          
[0mAsset[0m
                        
[36m</span>[39m
                      
[36m</th>[39m
                      
[36m<th[39m
                        [33m
aria-sort[39m=[32m"descendi
ng"[39m
                        [33m
scope[39m=[32m"col"[39m
                        [33m
style[39m=[32m"text-align: 
left;"[39m
                      
[36m>[39m
                        
[36m<button[39m
                          [3
3maria-label[39m=[32m"Sort 
by Date"[39m
                          [3
3mclass[39m=[32m"data-table
-sort"[39m
                          [3
3mtype[39m=[32m"button"[39
m
                        
[36m>[39m
                          
[36m<span>[39m
                            
[0mDate[0m
                          
[36m</span>[39m
                          
[36m<span[39m
                            
[33maria-hidden[39m=[32m"tr
ue"[39m
                            
[33mclass[39m=[32m"data-tab
le-sort-indicator"[39m
                          
[36m>[39m
                            
[0mΓåô[0m
                          
[36m</span>[39m
                        
[36m</button>[39m
                      
[36m</th>[39m
                      
[36m<th[39m
                        [33m
aria-sort[39m=[32m"none"[3
9m
                        [33m
scope[39m=[32m"col"[39m
                        [33m
style[39m=[32m"text-align: 
left;"[39m
                      
[36m>[39m
                        
[36m<span>[39m
                          
[0mTransaction Hash[0m
                        
[36m</span>[39m
                      
[36m</th>[39m
                    
[36m</tr>[39m
                  
[36m</thead>[39m
                  
[36m<tbody>[39m
                    
[36m<tr[39m
                      [33mcl
ass[39m=[32m"data-table-row
"[39m
                      [33mta
bindex[39m=[32m"0"[39m
                    
[36m>[39m
                      
[36m<td[39m
                        [33m
data-label[39m=[32m"Type"[
39m
                        [33m
style[39m=[32m"text-align: 
left;"[39m
                      
[36m>[39m
                        
[36m<span[39m
                          
[33mclass[39m=[32m"tag 
cyan"[39m
                          [3
3mstyle[39m=[32m"text-trans
form: capitalize;"[39m
                        
[36m>[39m
                          
[0mdeposit[0m
                        
[36m</span>[39m
                      
[36m</td>[39m
                      
[36m<td[39m
                        [33m
data-label[39m=[32m"Amount"
[39m
                        [33m
style[39m=[32m"text-align: 
left;"[39m
                      
[36m>[39m
                        
[36m<span>[39m
                          
[0m100.00 USDC[0m
                        
[36m</span>[39m

[2m Test Files [22m [1m[31m3 failed[39m[22m[2m | [22m[1m[32m11 passed[39m[22m[90m (14)[39m
[2m      Tests [22m [1m[31m6 failed[39m[22m[2m | [22m[1m[32m100 passed[39m[22m[90m (106)[39m
[2m   Start at [22m 21:44:10
[2m   Duration [22m 26.04s[2m (transform 10.78s, setup 12.71s, import 26.84s, tests 17.67s, environment 93.89s)[22m

                      
[36m</td>[39m
                      
[36m<td[39m
                        [33m
data-label[39m=[32m"Asset"
[39m
                        [33m
style[39m=[32m"text-align: 
left;"[39m
                      
[36m>[39m
                        
[36m<span>[39m
                          
[0mUSDC[0m
                        
[36m</span>[39m
                      
[36m</td>[39m
                      
[36m<td[39m
                        [33m
data-label[39m=[32m"Date"[
39m
                        [33m
style[39m=[32m"text-align: 
left;"[39m
                      
[36m>[39m
                        
[36m<span>[39m
                          
[0mJan 15, 2025, 11:30 
AM[0m
                        
[36m</span>[39m
                      
[36m</td>[39m
                      
[36m<td[39m
                        [33m
data-label[39m=[32m"Transac
tion Hash"[39m
                        [33m
style[39m=[32m"text-align: 
left;"[39m
                      
[36m>[39m
                        
[36m<a[39m
                          [3
3mhref[39m=[32m"https://ste
llar.expert/explorer/testnet/
tx/abcdef1234567890abcdef1234
567890abcdef12"[39m
                          
[33mrel[39m=[32m"noopener 
noreferrer"[39m
                          
[33mstyle[39m=[32m"color: 
var(--accent-cyan); 
text-decoration: none;"[39m
                          [3
3mtarget[39m=[32m"_blank"[
39m
                          [3
3mtitle[39m=[32m"abcdef1234
567890abcdef1234567890abcdef1
2"[39m
                        
[36m>[39m
                          
[0mabcdef12...ef12[0m
                        
[36m</a>[39m
                      
[36m</td>[39m
                    
[36m</tr>[39m
                  
[36m</tbody>[39m
                
[36m</table>[39m
              
[36m</div>[39m
              [36m<div[39m
                [33mclass[3
9m=[32m"data-table-paginatio
n"[39m
                [33mstyle[3
9m=[32m"padding: 0px;"[39m
              [36m>[39m
                
[36m<div[39m
                  [33maria-l
abel[39m=[32m"Pagination"[
39m
                  [33mclass
[39m=[32m"pagination-contain
er"[39m
                [36m>[39m
                  
[36m<div[39m
                    [33maria
-live[39m=[32m"polite"[39m
                    [33mclas
s[39m=[32m"pagination-summa
ry"[39m
                  [36m>[39m
                    [0mPage 
1 of 1[0m
                    [0m ΓÇö 
Showing [0m
                    [0m1[0m
                    
[0mΓÇô[0m
                    [0m1[0m
                    [0m of 
[0m
                    [0m1[0m
                    [0m 
results[0m
                  
[36m</div>[39m
                  
[36m<div[39m
                    [33mclas
s[39m=[32m"pagination-contr
ols-wrapper"[39m
                  [36m>[39m
                    
[36m<nav[39m
                      [33mar
ia-label[39m=[32m"Page 
navigation"[39m
                      [33mcl
ass[39m=[32m"pagination-nav
-buttons"[39m
                    
[36m>[39m
                      
[36m<button[39m
                        [33m
aria-label[39m=[32m"Go to 
previous page"[39m
                        
[33mclass[39m=[32m"btn 
btn-outline 
pagination-btn-nav"[39m
                        [33m
disabled[39m=[32m""[39m
                        [33m
type[39m=[32m"button"[39m
                      
[36m>[39m
                        
[36m<svg[39m
                          [3
3maria-hidden[39m=[32m"true
"[39m
                          
[33mclass[39m=[32m"lucide 
lucide-chevron-left"[39m
                          [3
3mfill[39m=[32m"none"[39m
                          [3
3mheight[39m=[32m"16"[39m
                          [3
3mstroke[39m=[32m"currentCo
lor"[39m
                          [3
3mstroke-linecap[39m=[32m"r
ound"[39m
                          [3
3mstroke-linejoin[39m=[32m"
round"[39m
                          [3
3mstroke-width[39m=[32m"2"
[39m
                          
[33mviewBox[39m=[32m"0 0 
24 24"[39m
                          [3
3mwidth[39m=[32m"16"[39m
                          [3
3mxmlns[39m=[32m"http://www
.w3.org/2000/svg"[39m
                        
[36m>[39m
                          
[36m<path[39m
                            
[33md[39m=[32m"m15 18-6-6 
6-6"[39m
                          
[36m/>[39m
                        
[36m</svg>[39m
                      
[36m</button>[39m
                      
[36m<div[39m
                        [33m
class[39m=[32m"pagination-p
ages"[39m
                      
[36m>[39m
                        
[36m<button[39m
                          [3
3maria-current[39m=[32m"pag
e"[39m
                          [3
3maria-label[39m=[32m"Go 
to page 1"[39m
                          [3
3mclass[39m=[32m"pagination
-page-btn active"[39m
                          [3
3mtype[39m=[32m"button"[39
m
                        
[36m>[39m
                          
[0m1[0m
                        
[36m</button>[39m
                      
[36m</div>[39m
                      
[36m<button[39m
                        [33m
aria-label[39m=[32m"Go to 
next page"[39m
                        
[33mclass[39m=[32m"btn 
btn-outline 
pagination-btn-nav"[39m
                        [33m
disabled[39m=[32m""[39m
                        [33m
type[39m=[32m"button"[39m
                      
[36m>[39m
                        
[36m<svg[39m
                          [3
3maria-hidden[39m=[32m"true
"[39m
                          
[33mclass[39m=[32m"lucide 
lucide-chevron-right"[39m
                          [3
3mfill[39m=[32m"none"[39m
                          [3
3mheight[39m=[32m"16"[39m
                          [3
3mstroke[39m=[32m"currentCo
lor"[39m
                          [3
3mstroke-linecap[39m=[32m"r
ound"[39m
                          [3
3mstroke-linejoin[39m=[32m"
round"[39m
                          [3
3mstroke-width[39m=[32m"2"
[39m
                          
[33mviewBox[39m=[32m"0 0 
24 24"[39m
                          [3
3mwidth[39m=[32m"16"[39m
                          [3
3mxmlns[39m=[32m"http://www
.w3.org/2000/svg"[39m
                        
[36m>[39m
                          
[36m<path[39m
                            
[33md[39m=[32m"m9 18 
6-6-6-6"[39m
                          
[36m/>[39m
                        
[36m</svg>[39m
                      
[36m</button>[39m
                    
[36m</nav>[39m
                  
[36m</div>[39m
                
[36m</div>[39m
              
[36m</div>[39m
            [36m</div>[39m
          
[36m</section>[39m
        [36m</div>[39m
      [36m</div>[39m
    [36m</div>[39m
  [36m</body>[39m
[36m</html>[39m
[90m [2mΓ¥»[22m 
Proxy.waitForWrapper node_mod
ules/@testing-library/dom/dis
t/wait-for.js:[2m163:27[22m
[39m
[36m [2mΓ¥»[22m src/pages/
TransactionHistory.test.tsx:
[2m283:11[22m[39m
    [90m281|[39m     fireEv
ent.change(filterSelect, { 
target: { value: 
"withdrawal" } }ΓÇª
    [90m282|[39m
    [90m283|[39m     
[35mawait[39m 
[34mwaitFor[39m(() 
[33m=>[39m
    [90m   |[39m           
[31m^[39m
    [90m284|[39m       
[34mexpect[39m(
    [90m285|[39m         
screen.getByText("No 
transactions matched the 
current filter."ΓÇª

[31m[2mΓÄ»ΓÄ»ΓÄ»ΓÄ»ΓÄ»ΓÄ»ΓÄ
»ΓÄ»ΓÄ»ΓÄ»ΓÄ»ΓÄ»ΓÄ»ΓÄ»ΓÄ»ΓÄ»Γ
Ä»ΓÄ»ΓÄ»ΓÄ»ΓÄ»ΓÄ»ΓÄ»ΓÄ»[6/6]Γ
Ä»[22m[39m

